Archive member included because of file (symbol)

D:\projects\arduino\buildtemp\core\core.a(HardwareSerial.cpp.o)
                              D:\projects\arduino\buildtemp\core\board.cpp.o (HardwareSerial::HardwareSerial(usart_dev*, unsigned char, unsigned char))
D:\projects\arduino\buildtemp\core\core.a(HardwareTimer.cpp.o)
                              D:\projects\arduino\buildtemp\libraries\Mozzi-master\MozziGuts.cpp.o (HardwareTimer::HardwareTimer(unsigned char))
D:\projects\arduino\buildtemp\core\core.a(Print.cpp.o)
                              D:\projects\arduino\buildtemp\core\core.a(HardwareSerial.cpp.o) (Print::write(void const*, unsigned long))
D:\projects\arduino\buildtemp\core\core.a(cxxabi-compat.cpp.o)
                              D:\projects\arduino\buildtemp\core\core.a(HardwareSerial.cpp.o) (__cxa_pure_virtual)
D:\projects\arduino\buildtemp\core\core.a(adc.c.o)
                              D:\projects\arduino\buildtemp\libraries\STM32ADC\STM32ADC.cpp.o (adc_set_extsel)
D:\projects\arduino\buildtemp\core\core.a(adc_f1.c.o)
                              (__irq_adc)
D:\projects\arduino\buildtemp\core\core.a(dma.c.o)
                              D:\projects\arduino\buildtemp\libraries\SPI\SPI.cpp.o (dma_init)
D:\projects\arduino\buildtemp\core\core.a(dma_f1.c.o)
                              D:\projects\arduino\buildtemp\libraries\SPI\SPI.cpp.o (dma_set_priority)
D:\projects\arduino\buildtemp\core\core.a(exc.S.o)
                              (__exc_nmi)
D:\projects\arduino\buildtemp\core\core.a(exti.c.o)
                              (__irq_exti0)
D:\projects\arduino\buildtemp\core\core.a(exti_f1.c.o)
                              D:\projects\arduino\buildtemp\core\core.a(exti.c.o) (exti_select)
D:\projects\arduino\buildtemp\core\core.a(flash.c.o)
                              D:\projects\arduino\buildtemp\core\wirish\boards.cpp.o (flash_set_latency)
D:\projects\arduino\buildtemp\core\core.a(gpio_f1.c.o)
                              D:\projects\arduino\buildtemp\core\wirish\boards_setup.cpp.o (gpio_init_all)
D:\projects\arduino\buildtemp\core\core.a(i2c_f1.c.o)
                              (__irq_i2c1_ev)
D:\projects\arduino\buildtemp\core\core.a(nvic.c.o)
                              D:\projects\arduino\buildtemp\core\core.a(i2c_f1.c.o) (nvic_irq_set_priority)
D:\projects\arduino\buildtemp\core\core.a(rcc.c.o)
                              D:\projects\arduino\buildtemp\libraries\SPI\SPI.cpp.o (rcc_dev_clk)
D:\projects\arduino\buildtemp\core\core.a(rcc_f1.c.o)
                              D:\projects\arduino\buildtemp\core\wirish\boards.cpp.o (rcc_configure_pll)
D:\projects\arduino\buildtemp\core\core.a(spi.c.o)
                              D:\projects\arduino\buildtemp\libraries\SPI\SPI.cpp.o (spi_init)
D:\projects\arduino\buildtemp\core\core.a(spi_f1.c.o)
                              D:\projects\arduino\buildtemp\libraries\SPI\SPI.cpp.o (spi_config_gpios)
D:\projects\arduino\buildtemp\core\core.a(isrs.S.o)
                              (__stm32reservedexception7)
D:\projects\arduino\buildtemp\core\core.a(vector_table.S.o)
                              (__stm32_vector_table)
D:\projects\arduino\buildtemp\core\core.a(systick.c.o)
                              D:\projects\arduino\buildtemp\core\wirish\boards.cpp.o (systick_init)
D:\projects\arduino\buildtemp\core\core.a(timer.c.o)
                              D:\projects\arduino\buildtemp\core\wirish\boards.cpp.o (timer_foreach)
D:\projects\arduino\buildtemp\core\core.a(usart.c.o)
                              D:\projects\arduino\buildtemp\core\core.a(HardwareSerial.cpp.o) (usart_init)
D:\projects\arduino\buildtemp\core\core.a(usart_f1.c.o)
                              D:\projects\arduino\buildtemp\core\core.a(HardwareSerial.cpp.o) (usart_config_gpios_async)
D:\projects\arduino\buildtemp\core\core.a(usart_private.c.o)
                              D:\projects\arduino\buildtemp\core\core.a(usart_f1.c.o) (_usart_clock_freq)
D:\projects\arduino\buildtemp\core\core.a(usb.c.o)
                              (__irq_usb_lp_can_rx0)
D:\projects\arduino\buildtemp\core\core.a(usb_cdcacm.c.o)
                              D:\projects\arduino\buildtemp\core\core.a(usb.c.o) (User_Standard_Requests)
D:\projects\arduino\buildtemp\core\core.a(usb_reg_map.c.o)
                              D:\projects\arduino\buildtemp\core\core.a(usb_cdcacm.c.o) (usb_set_ep_rx_count)
D:\projects\arduino\buildtemp\core\core.a(usb_core.c.o)
                              D:\projects\arduino\buildtemp\core\core.a(usb_cdcacm.c.o) (Standard_GetDescriptorData)
D:\projects\arduino\buildtemp\core\core.a(usb_init.c.o)
                              D:\projects\arduino\buildtemp\core\core.a(usb.c.o) (pInformation)
D:\projects\arduino\buildtemp\core\core.a(usb_mem.c.o)
                              D:\projects\arduino\buildtemp\core\core.a(usb_core.c.o) (UserToPMABufferCopy)
D:\projects\arduino\buildtemp\core\core.a(usb_regs.c.o)
[...]
Memory Configuration

Name             Origin             Length             Attributes
ram              0x20000000         0x00005000         xrw
rom              0x08000000         0x00020000         xr
*default*        0x00000000         0xffffffff

Linker script and memory map

LOAD c:/users/softegg/appdata/local/arduino15/packages/arduino/tools/arm-none-eabi-gcc/4.8.3-2014q1/bin/../lib/gcc/arm-none-eabi/4.8.3/armv7-m/crti.o
LOAD c:/users/softegg/appdata/local/arduino15/packages/arduino/tools/arm-none-eabi-gcc/4.8.3-2014q1/bin/../lib/gcc/arm-none-eabi/4.8.3/armv7-m/crtbegin.o
LOAD c:/users/softegg/appdata/local/arduino15/packages/arduino/tools/arm-none-eabi-gcc/4.8.3-2014q1/bin/../lib/gcc/arm-none-eabi/4.8.3/../../../../arm-none-eabi/lib/armv7-m/crt0.o
LOAD c:/users/softegg/appdata/local/arduino15/packages/arduino/tools/arm-none-eabi-gcc/4.8.3-2014q1/bin/../lib/gcc/arm-none-eabi/4.8.3/armv7-m\libgcc.a
START GROUP
LOAD D:\projects\arduino\buildtemp\sketch\Stylish.pde.cpp.o
LOAD D:\projects\arduino\buildtemp\sketch\flashwriter.cpp.o
LOAD D:\projects\arduino\buildtemp\sketch\rgb.cpp.o
LOAD D:\projects\arduino\buildtemp\libraries\WS2812B\WS2812B.cpp.o
LOAD D:\projects\arduino\buildtemp\libraries\Mozzi-master\MozziGuts.cpp.o
LOAD D:\projects\arduino\buildtemp\libraries\Mozzi-master\mozzi_analog.cpp.o
LOAD D:\projects\arduino\buildtemp\libraries\Mozzi-master\mozzi_fixmath.cpp.o
LOAD D:\projects\arduino\buildtemp\libraries\Mozzi-master\mozzi_midi.cpp.o
LOAD D:\projects\arduino\buildtemp\libraries\Mozzi-master\mozzi_rand.cpp.o
LOAD D:\projects\arduino\buildtemp\libraries\Mozzi-master\mozzi_utils.cpp.o
LOAD D:\projects\arduino\buildtemp\libraries\Mozzi-master\twi_nonblock.cpp.o
LOAD D:\projects\arduino\buildtemp\libraries\Mozzi-master\utility\FrequencyTimer2.cpp.o
LOAD D:\projects\arduino\buildtemp\libraries\Mozzi-master\utility\TimerOne.cpp.o
LOAD D:\projects\arduino\buildtemp\libraries\Mozzi-master\utility\TimerZero.cpp.o
LOAD D:\projects\arduino\buildtemp\libraries\SPI\SPI.cpp.o
LOAD D:\projects\arduino\buildtemp\libraries\STM32ADC\STM32ADC.cpp.o
LOAD D:\projects\arduino\buildtemp\libraries\STM32ADC\utility\util_adc.c.o
LOAD D:\projects\arduino\buildtemp\core\board.cpp.o
LOAD D:\projects\arduino\buildtemp\core\wirish\boards.cpp.o
LOAD D:\projects\arduino\buildtemp\core\wirish\boards_setup.cpp.o
LOAD D:\projects\arduino\buildtemp\core\wirish\start.S.o
LOAD D:\projects\arduino\buildtemp\core\wirish\start_c.c.o
LOAD D:\projects\arduino\buildtemp\core\wirish\syscalls.c.o
LOAD D:\projects\arduino\buildtemp\core\core.a
END GROUP
LOAD c:/users/softegg/appdata/local/arduino15/packages/arduino/tools/arm-none-eabi-gcc/4.8.3-2014q1/bin/../lib/gcc/arm-none-eabi/4.8.3/../../../../arm-none-eabi/lib/armv7-m\libstdc++.a
LOAD c:/users/softegg/appdata/local/arduino15/packages/arduino/tools/arm-none-eabi-gcc/4.8.3-2014q1/bin/../lib/gcc/arm-none-eabi/4.8.3/../../../../arm-none-eabi/lib/armv7-m\libm.a
START GROUP
LOAD c:/users/softegg/appdata/local/arduino15/packages/arduino/tools/arm-none-eabi-gcc/4.8.3-2014q1/bin/../lib/gcc/arm-none-eabi/4.8.3/armv7-m\libgcc.a
LOAD c:/users/softegg/appdata/local/arduino15/packages/arduino/tools/arm-none-eabi-gcc/4.8.3-2014q1/bin/../lib/gcc/arm-none-eabi/4.8.3/../../../../arm-none-eabi/lib/armv7-m\libc.a
END GROUP
LOAD c:/users/softegg/appdata/local/arduino15/packages/arduino/tools/arm-none-eabi-gcc/4.8.3-2014q1/bin/../lib/gcc/arm-none-eabi/4.8.3/armv7-m/crtend.o
LOAD c:/users/softegg/appdata/local/arduino15/packages/arduino/tools/arm-none-eabi-gcc/4.8.3-2014q1/bin/../lib/gcc/arm-none-eabi/4.8.3/armv7-m/crtn.o
START GROUP
LOAD c:/users/softegg/appdata/local/arduino15/packages/arduino/tools/arm-none-eabi-gcc/4.8.3-2014q1/bin/../lib/gcc/arm-none-eabi/4.8.3/armv7-m\libgcc.a
LOAD c:/users/softegg/appdata/local/arduino15/packages/arduino/tools/arm-none-eabi-gcc/4.8.3-2014q1/bin/../lib/gcc/arm-none-eabi/4.8.3/../../../../arm-none-eabi/lib/armv7-m\libc.a
LOAD c:/users/softegg/appdata/local/arduino15/packages/arduino/tools/arm-none-eabi-gcc/4.8.3-2014q1/bin/../lib/gcc/arm-none-eabi/4.8.3/../../../../arm-none-eabi/lib/armv7-m\libm.a
END GROUP
START GROUP
LOAD c:/users/softegg/appdata/local/arduino15/packages/arduino/tools/arm-none-eabi-gcc/4.8.3-2014q1/bin/../lib/gcc/arm-none-eabi/4.8.3/../../../../arm-none-eabi/lib/armv7-m\libnosys.a
END GROUP
                0x20005000                PROVIDE (__msp_init, (ORIGIN (ram) + 0x5000))
                0x0800278c                PROVIDE (__exc_reset, __start__)

.text           0x08000000     0x8828
                0x08000000                __text_start__ = .
 *(.stm32.interrupt_vector)
 .stm32.interrupt_vector
                0x08000000       0xec D:\projects\arduino\buildtemp\core\core.a(vector_table.S.o)
                0x08000000                __stm32_vector_table
 *(.text .text.* .gnu.linkonce.t.*)
 .text          0x080000ec       0x54 c:/users/softegg/appdata/local/arduino15/packages/arduino/tools/arm-none-eabi-gcc/4.8.3-2014q1/bin/../lib/gcc/arm-none-eabi/4.8.3/armv7-m/crtbegin.o
 .text._ZN7patch_t4EchoEv
                0x08000140       0x44 D:\projects\arduino\buildtemp\sketch\Stylish.pde.cpp.o
                0x08000140                patch_t::Echo()
 .text._ZN7patch_t13GetAllToLocalEv
                0x08000184       0x5c D:\projects\arduino\buildtemp\sketch\Stylish.pde.cpp.o
                0x08000184                patch_t::GetAllToLocal()
 .text._ZN7patch_t15SetAllFromLocalEv
                0x080001e0       0x74 D:\projects\arduino\buildtemp\sketch\Stylish.pde.cpp.o
                0x080001e0                patch_t::SetAllFromLocal()
 .text._Z15SetFlashAddressv
                0x08000254       0x30 D:\projects\arduino\buildtemp\sketch\Stylish.pde.cpp.o
                0x08000254                SetFlashAddress()
 .text._Z19WritePatchesToFlashv
                0x08000284       0x78 D:\projects\arduino\buildtemp\sketch\Stylish.pde.cpp.o
                0x08000284                WritePatchesToFlash()
 .text._Z20ReadPatchesFromFlashv
                0x080002fc       0xb0 D:\projects\arduino\buildtemp\sketch\Stylish.pde.cpp.o
                0x080002fc                ReadPatchesFromFlash()
 .text._Z5Noisev
                0x080003ac       0x20 D:\projects\arduino\buildtemp\sketch\Stylish.pde.cpp.o
                0x080003ac                Noise()
 .text._Z12MapValToBytehhh
                0x080003cc       0x64 D:\projects\arduino\buildtemp\sketch\Stylish.pde.cpp.o
                0x080003cc                MapValToByte(unsigned char, unsigned char, unsigned char)
 .text._Z17SetLocalPatchDatahh
                0x08000430      0x4a4 D:\projects\arduino\buildtemp\sketch\Stylish.pde.cpp.o
                0x08000430                SetLocalPatchData(unsigned char, unsigned char)
 .text._Z23UpdateAllLocalPatchDatav
                0x080008d4       0x1c D:\projects\arduino\buildtemp\sketch\Stylish.pde.cpp.o
                0x080008d4                UpdateAllLocalPatchData()
 .text._Z12Set_UI_State10eUI_States
                0x080008f0       0x24 D:\projects\arduino\buildtemp\sketch\Stylish.pde.cpp.o
                0x080008f0                Set_UI_State(eUI_States)
 .text._Z12Get_UI_Stateb
                0x08000914       0x2c D:\projects\arduino\buildtemp\sketch\Stylish.pde.cpp.o
                0x08000914                Get_UI_State(bool)
 .text._Z15Set_UI_SubState13eUI_SubStates
                0x08000940       0x24 D:\projects\arduino\buildtemp\sketch\Stylish.pde.cpp.o
                0x08000940                Set_UI_SubState(eUI_SubStates)
 .text._Z15Get_UI_SubStateb
                0x08000964       0x2c D:\projects\arduino\buildtemp\sketch\Stylish.pde.cpp.o
                0x08000964                Get_UI_SubState(bool)
 .text._Z19StylusKeyboardSetupv
                0x08000990       0x3c D:\projects\arduino\buildtemp\sketch\Stylish.pde.cpp.o
                0x08000990                StylusKeyboardSetup()
 .text._Z20StylusKeyboardUpdatev
                0x080009cc       0xc4 D:\projects\arduino\buildtemp\sketch\Stylish.pde.cpp.o
                0x080009cc                StylusKeyboardUpdate()
 .text._Z10GetUIValuev
                0x08000a90       0xb8 D:\projects\arduino\buildtemp\sketch\Stylish.pde.cpp.o
                0x08000a90                GetUIValue()
 .text._Z10SetUIValueh
                0x08000b48      0x134 D:\projects\arduino\buildtemp\sketch\Stylish.pde.cpp.o
                0x08000b48                SetUIValue(unsigned char)
 .text._Z11SaveUIValuev
                0x08000c7c       0x44 D:\projects\arduino\buildtemp\sketch\Stylish.pde.cpp.o
                0x08000c7c                SaveUIValue()
 .text._Z14RestoreUIValuev
                0x08000cc0       0x3c D:\projects\arduino\buildtemp\sketch\Stylish.pde.cpp.o
                0x08000cc0                RestoreUIValue()
 .text._Z15FinalizeUIValuev
                0x08000cfc      0x124 D:\projects\arduino\buildtemp\sketch\Stylish.pde.cpp.o
                0x08000cfc                FinalizeUIValue()
 .text._Z19NextStateFirstStagev
                0x08000e20       0x42 D:\projects\arduino\buildtemp\sketch\Stylish.pde.cpp.o
                0x08000e20                NextStateFirstStage()
 .text._Z24NextStateDoneSelectingUpv
                0x08000e62       0x36 D:\projects\arduino\buildtemp\sketch\Stylish.pde.cpp.o
                0x08000e62                NextStateDoneSelectingUp()
 .text._Z13SubStateKeyUph
                0x08000e98       0x68 D:\projects\arduino\buildtemp\sketch\Stylish.pde.cpp.o
                0x08000e98                SubStateKeyUp(unsigned char)
 .text._Z12ReceiveKeyUph
                0x08000f00       0x38 D:\projects\arduino\buildtemp\sketch\Stylish.pde.cpp.o
                0x08000f00                ReceiveKeyUp(unsigned char)
 .text._Z5setupv
                0x08000f38       0x9c D:\projects\arduino\buildtemp\sketch\Stylish.pde.cpp.o
                0x08000f38                setup()
 .text._Z7Rainbowhh
                0x08000fd4       0x86 D:\projects\arduino\buildtemp\sketch\Stylish.pde.cpp.o
                0x08000fd4                Rainbow(unsigned char, unsigned char)
 *fill*         0x0800105a        0x2 
 .text._Z16AnimPixelsSpreadt
                0x0800105c       0x3c D:\projects\arduino\buildtemp\sketch\Stylish.pde.cpp.o
                0x0800105c                AnimPixelsSpread(unsigned short)
 .text._Z17AnimPixelAddRangehhRK5rgb_t
                0x08001098       0x2c D:\projects\arduino\buildtemp\sketch\Stylish.pde.cpp.o
                0x08001098                AnimPixelAddRange(unsigned char, unsigned char, rgb_t const&)
 .text._Z17AnimPixelAddValuehhRK5rgb_tS1_
                0x080010c4       0x44 D:\projects\arduino\buildtemp\sketch\Stylish.pde.cpp.o
                0x080010c4                AnimPixelAddValue(unsigned char, unsigned char, rgb_t const&, rgb_t const&)
 .text._Z12AnimSetStripv
                0x08001108       0x70 D:\projects\arduino\buildtemp\sketch\Stylish.pde.cpp.o
                0x08001108                AnimSetStrip()
 .text._Z10AnimUpdatev
                0x08001178      0x198 D:\projects\arduino\buildtemp\sketch\Stylish.pde.cpp.o
                0x08001178                AnimUpdate()
 .text._ZN5OscilILt2048ELt16384EE4nextEv
                0x08001310       0x12 D:\projects\arduino\buildtemp\sketch\Stylish.pde.cpp.o
                0x08001310                Oscil<(unsigned short)2048, (unsigned short)16384>::next()
 *fill*         0x08001322        0x2 
 .text._Z11updateAudiov
                0x08001324       0x5c D:\projects\arduino\buildtemp\sketch\Stylish.pde.cpp.o
                0x08001324                updateAudio()
 .text._ZN4ADSRILj256ELj256EE8setPhaseEPNS0_5phaseE
                0x08001380       0x24 D:\projects\arduino\buildtemp\sketch\Stylish.pde.cpp.o
                0x08001380                ADSR<256u, 256u>::setPhase(ADSR<256u, 256u>::phase*)
 .text._Z12SoundKeyDownh
                0x080013a4      0x140 D:\projects\arduino\buildtemp\sketch\Stylish.pde.cpp.o
                0x080013a4                SoundKeyDown(unsigned char)
 .text._Z15SubStateKeyDownh
                0x080014e4       0x88 D:\projects\arduino\buildtemp\sketch\Stylish.pde.cpp.o
                0x080014e4                SubStateKeyDown(unsigned char)
 .text._Z14ReceiveKeyDownh
                0x0800156c       0xec D:\projects\arduino\buildtemp\sketch\Stylish.pde.cpp.o
                0x0800156c                ReceiveKeyDown(unsigned char)
 .text._Z10SoundKeyUpv
                0x08001658       0x14 D:\projects\arduino\buildtemp\sketch\Stylish.pde.cpp.o
                0x08001658                SoundKeyUp()
 .text._Z4loopv
                0x0800166c       0xc8 D:\projects\arduino\buildtemp\sketch\Stylish.pde.cpp.o
                0x0800166c                loop()
 .text._ZN4ADSRILj256ELj256EE23checkForAndSetNextPhaseEPNS0_5phaseE
                0x08001734       0x14 D:\projects\arduino\buildtemp\sketch\Stylish.pde.cpp.o
                0x08001734                ADSR<256u, 256u>::checkForAndSetNextPhase(ADSR<256u, 256u>::phase*)
 .text._Z13updateControlv
                0x08001748      0x284 D:\projects\arduino\buildtemp\sketch\Stylish.pde.cpp.o
                0x08001748                updateControl()
 .text.startup._GLOBAL__sub_I_strip
                0x080019cc      0x124 D:\projects\arduino\buildtemp\sketch\Stylish.pde.cpp.o
 .text._Z10setupFLASHv
                0x08001af0       0x1c D:\projects\arduino\buildtemp\sketch\flashwriter.cpp.o
                0x08001af0                setupFLASH()
 .text._Z14flashErasePagem
                0x08001b0c       0x34 D:\projects\arduino\buildtemp\sketch\flashwriter.cpp.o
                0x08001b0c                flashErasePage(unsigned long)
 .text._Z14flashWriteWordmm
                0x08001b40       0x4c D:\projects\arduino\buildtemp\sketch\flashwriter.cpp.o
                0x08001b40                flashWriteWord(unsigned long, unsigned long)
 .text._Z9flashLockv
                0x08001b8c        0xc D:\projects\arduino\buildtemp\sketch\flashwriter.cpp.o
                0x08001b8c                flashLock()
 .text._Z11flashUnlockv
                0x08001b98       0x18 D:\projects\arduino\buildtemp\sketch\flashwriter.cpp.o
                0x08001b98                flashUnlock()
 .text._Z11getFlashEndv
                0x08001bb0       0x10 D:\projects\arduino\buildtemp\sketch\flashwriter.cpp.o
                0x08001bb0                getFlashEnd()
 .text._Z16getFlashPageSizev
                0x08001bc0       0x20 D:\projects\arduino\buildtemp\sketch\flashwriter.cpp.o
                0x08001bc0                getFlashPageSize()
 .text._ZN5rgb_tpLERKS_
                0x08001be0       0x2e D:\projects\arduino\buildtemp\sketch\rgb.cpp.o
                0x08001be0                rgb_t::operator+=(rgb_t const&)
 .text._ZN5rgb_tmLERKt
                0x08001c0e       0x34 D:\projects\arduino\buildtemp\sketch\rgb.cpp.o
                0x08001c0e                rgb_t::operator*=(unsigned short const&)
 .text._ZN5rgb_tC2Ehhh
                0x08001c42        0xa D:\projects\arduino\buildtemp\sketch\rgb.cpp.o
                0x08001c42                rgb_t::rgb_t(unsigned char, unsigned char, unsigned char)
                0x08001c42                rgb_t::rgb_t(unsigned char, unsigned char, unsigned char)
 .text._ZN7WS2812BD2Ev
                0x08001c4c       0x1c D:\projects\arduino\buildtemp\libraries\WS2812B\WS2812B.cpp.o
                0x08001c4c                WS2812B::~WS2812B()
                0x08001c4c                WS2812B::~WS2812B()
 .text._ZN7WS2812B5beginEv
                0x08001c68       0x20 D:\projects\arduino\buildtemp\libraries\WS2812B\WS2812B.cpp.o
                0x08001c68                WS2812B::begin()
 .text._ZN7WS2812B4showEv
                0x08001c88       0x30 D:\projects\arduino\buildtemp\libraries\WS2812B\WS2812B.cpp.o
                0x08001c88                WS2812B::show()
 .text._ZN7WS2812B13setPixelColorEthhh
                0x08001cb8       0x50 D:\projects\arduino\buildtemp\libraries\WS2812B\WS2812B.cpp.o
                0x08001cb8                WS2812B::setPixelColor(unsigned short, unsigned char, unsigned char, unsigned char)
 .text._ZNK7WS2812B9numPixelsEv
                0x08001d08        0x4 D:\projects\arduino\buildtemp\libraries\WS2812B\WS2812B.cpp.o
                0x08001d08                WS2812B::numPixels() const
 .text._ZN7WS2812B13setBrightnessEh
                0x08001d0c       0x4e D:\projects\arduino\buildtemp\libraries\WS2812B\WS2812B.cpp.o
                0x08001d0c                WS2812B::setBrightness(unsigned char)
 *fill*         0x08001d5a        0x2 
 .text._ZN7WS2812B5clearEv
                0x08001d5c       0x34 D:\projects\arduino\buildtemp\libraries\WS2812B\WS2812B.cpp.o
                0x08001d5c                WS2812B::clear()
 .text._ZN7WS2812B12updateLengthEt
                0x08001d90       0x42 D:\projects\arduino\buildtemp\libraries\WS2812B\WS2812B.cpp.o
                0x08001d90                WS2812B::updateLength(unsigned short)
 .text._ZN7WS2812BC2Et
                0x08001dd2       0x12 D:\projects\arduino\buildtemp\libraries\WS2812B\WS2812B.cpp.o
                0x08001dd2                WS2812B::WS2812B(unsigned short)
                0x08001dd2                WS2812B::WS2812B(unsigned short)
 .text._ZL14pwmAudioOutputv
                0x08001de4       0x38 D:\projects\arduino\buildtemp\libraries\Mozzi-master\MozziGuts.cpp.o
 .text._Z9audioHookv
                0x08001e1c       0x70 D:\projects\arduino\buildtemp\libraries\Mozzi-master\MozziGuts.cpp.o
                0x08001e1c                audioHook()
 .text._Z10startMozzii
                0x08001e8c       0x8c D:\projects\arduino\buildtemp\libraries\Mozzi-master\MozziGuts.cpp.o
                0x08001e8c                startMozzi(int)
 .text.startup._GLOBAL__sub_I_adc
                0x08001f18       0x48 D:\projects\arduino\buildtemp\libraries\Mozzi-master\MozziGuts.cpp.o
 .text._Z19setupFastAnalogReada
                0x08001f60       0x1c D:\projects\arduino\buildtemp\libraries\Mozzi-master\mozzi_analog.cpp.o
                0x08001f60                setupFastAnalogRead(signed char)
 .text._Z13setupMozziADCa
                0x08001f7c       0x28 D:\projects\arduino\buildtemp\libraries\Mozzi-master\mozzi_analog.cpp.o
                0x08001f7c                setupMozziADC(signed char)
 .text._Z18adcStartConversionh
                0x08001fa4       0x24 D:\projects\arduino\buildtemp\libraries\Mozzi-master\mozzi_analog.cpp.o
                0x08001fa4                adcStartConversion(unsigned char)
 .text._Z23adcReadSelectedChannelsv
                0x08001fc8       0x44 D:\projects\arduino\buildtemp\libraries\Mozzi-master\mozzi_analog.cpp.o
                0x08001fc8                adcReadSelectedChannels()
 .text._Z17adcStartReadCyclev
                0x0800200c       0x20 D:\projects\arduino\buildtemp\libraries\Mozzi-master\mozzi_analog.cpp.o
                0x0800200c                adcStartReadCycle()
 .text._Z21startSecondControlADCv
                0x0800202c       0x20 D:\projects\arduino\buildtemp\libraries\Mozzi-master\mozzi_analog.cpp.o
                0x0800202c                startSecondControlADC()
 .text._Z23receiveSecondControlADCv
                0x0800204c       0x24 D:\projects\arduino\buildtemp\libraries\Mozzi-master\mozzi_analog.cpp.o
                0x0800204c                receiveSecondControlADC()
 .text._Z21stm32_adc_eoc_handlerv
                0x08002070       0x24 D:\projects\arduino\buildtemp\libraries\Mozzi-master\mozzi_analog.cpp.o
                0x08002070                stm32_adc_eoc_handler()
 .text.startup._GLOBAL__sub_I__Z19setupFastAnalogReada
                0x08002094       0x10 D:\projects\arduino\buildtemp\libraries\Mozzi-master\mozzi_analog.cpp.o
 *fill*         0x080020a4        0x4 
 .text._Z4mtoff
                0x080020a8       0x50 D:\projects\arduino\buildtemp\libraries\Mozzi-master\mozzi_midi.cpp.o
                0x080020a8                mtof(float)
 .text._Z10xorshift96v
                0x080020f8       0x34 D:\projects\arduino\buildtemp\libraries\Mozzi-master\mozzi_rand.cpp.o
                0x080020f8                xorshift96()
 .text._Z4randi
                0x0800212c       0x10 D:\projects\arduino\buildtemp\libraries\Mozzi-master\mozzi_rand.cpp.o
                0x0800212c                rand(int)
 .text._ZL11disable_pwmPK14stm32_pin_info
                0x0800213c       0x10 D:\projects\arduino\buildtemp\libraries\SPI\SPI.cpp.o
 .text._ZL15dev_to_spi_pinsP7spi_dev.isra.8
                0x0800214c       0x1c D:\projects\arduino\buildtemp\libraries\SPI\SPI.cpp.o
 .text._ZL15configure_gpiosP7spi_devb
                0x08002168       0x84 D:\projects\arduino\buildtemp\libraries\SPI\SPI.cpp.o
 .text._ZL19determine_baud_rateP7spi_devm.isra.9
                0x080021ec       0x3c D:\projects\arduino\buildtemp\libraries\SPI\SPI.cpp.o
 .text._ZN8SPIClassC2Em
                0x08002228       0xa8 D:\projects\arduino\buildtemp\libraries\SPI\SPI.cpp.o
                0x08002228                SPIClass::SPIClass(unsigned long)
                0x08002228                SPIClass::SPIClass(unsigned long)
 .text._ZN8SPIClass14updateSettingsEv
                0x080022d0       0x24 D:\projects\arduino\buildtemp\libraries\SPI\SPI.cpp.o
                0x080022d0                SPIClass::updateSettings()
 .text._ZN8SPIClass5beginEv
                0x080022f4       0x24 D:\projects\arduino\buildtemp\libraries\SPI\SPI.cpp.o
                0x080022f4                SPIClass::begin()
 .text._ZN8SPIClass3endEv
                0x08002318       0x40 D:\projects\arduino\buildtemp\libraries\SPI\SPI.cpp.o
                0x08002318                SPIClass::end()
 .text._ZN8SPIClass15setClockDividerEm
                0x08002358       0x18 D:\projects\arduino\buildtemp\libraries\SPI\SPI.cpp.o
                0x08002358                SPIClass::setClockDivider(unsigned long)
 .text._ZN8SPIClass12dmaSendAsyncEPKvtb
                0x08002370       0xdc D:\projects\arduino\buildtemp\libraries\SPI\SPI.cpp.o
                0x08002370                SPIClass::dmaSendAsync(void const*, unsigned short, bool)
 .text.startup._GLOBAL__sub_I__ZN8SPIClassC2Em
                0x0800244c        0xc D:\projects\arduino\buildtemp\libraries\SPI\SPI.cpp.o
 .text._ZN8STM32ADCC2EP7adc_dev
                0x08002458        0x4 D:\projects\arduino\buildtemp\libraries\STM32ADC\STM32ADC.cpp.o
                0x08002458                STM32ADC::STM32ADC(adc_dev*)
                0x08002458                STM32ADC::STM32ADC(adc_dev*)
 .text._ZN8STM32ADC7getDataEv
                0x0800245c        0x8 D:\projects\arduino\buildtemp\libraries\STM32ADC\STM32ADC.cpp.o
                0x0800245c                STM32ADC::getData()
 .text._ZN8STM32ADC13setSampleRateE12adc_smp_rate
                0x08002464        0x6 D:\projects\arduino\buildtemp\libraries\STM32ADC\STM32ADC.cpp.o
                0x08002464                STM32ADC::setSampleRate(adc_smp_rate)
 .text._ZN8STM32ADC15attachInterruptEPFvvEh
                0x0800246a        0xc D:\projects\arduino\buildtemp\libraries\STM32ADC\STM32ADC.cpp.o
                0x0800246a                STM32ADC::attachInterrupt(void (*)(), unsigned char)
 *fill*         0x08002476        0x2 
 .text._ZN8STM32ADC7setPinsEPhh
                0x08002478       0xb0 D:\projects\arduino\buildtemp\libraries\STM32ADC\STM32ADC.cpp.o
                0x08002478                STM32ADC::setPins(unsigned char*, unsigned char)
 .text._ZN8STM32ADC15startConversionEv
                0x08002528        0xe D:\projects\arduino\buildtemp\libraries\STM32ADC\STM32ADC.cpp.o
                0x08002528                STM32ADC::startConversion()
 .text._ZN8STM32ADC9calibrateEv
                0x08002536        0x6 D:\projects\arduino\buildtemp\libraries\STM32ADC\STM32ADC.cpp.o
                0x08002536                STM32ADC::calibrate()
 .text._Z9boardInitv
                0x0800253c        0x2 D:\projects\arduino\buildtemp\core\board.cpp.o
                0x0800253c                boardInit()
 *fill*         0x0800253e        0x2 
 .text.startup._GLOBAL__sub_I__Z9boardInitv
                0x08002540       0x48 D:\projects\arduino\buildtemp\core\board.cpp.o
 .text._ZL18adc_default_configP7adc_dev
                0x08002588       0x1c D:\projects\arduino\buildtemp\core\wirish\boards.cpp.o
 .text._ZL20timer_default_configP9timer_dev
                0x080025a4       0x9e D:\projects\arduino\buildtemp\core\wirish\boards.cpp.o
 *fill*         0x08002642        0x2 
 .text._Z4initv
                0x08002644       0xbc D:\projects\arduino\buildtemp\core\wirish\boards.cpp.o
                0x08002644                init()
 .text._ZN6wirish4priv15board_reset_pllEv
                0x08002700        0x2 D:\projects\arduino\buildtemp\core\wirish\boards_setup.cpp.o
                0x08002700                wirish::priv::board_reset_pll()
 .text._ZN6wirish4priv28board_setup_clock_prescalersEv
                0x08002702       0x2e D:\projects\arduino\buildtemp\core\wirish\boards_setup.cpp.o
                0x08002702                wirish::priv::board_setup_clock_prescalers()
 .text._ZN6wirish4priv16board_setup_gpioEv
                0x08002730        0x4 D:\projects\arduino\buildtemp\core\wirish\boards_setup.cpp.o
                0x08002730                wirish::priv::board_setup_gpio()
 .text._ZN6wirish4priv15board_setup_usbEv
                0x08002734       0x54 D:\projects\arduino\buildtemp\core\wirish\boards_setup.cpp.o
                0x08002734                wirish::priv::board_setup_usb()
 .text._ZN6wirish4priv11series_initEv
                0x08002788        0x4 D:\projects\arduino\buildtemp\core\wirish\boards_setup.cpp.o
                0x08002788                wirish::priv::series_init()
 .text          0x0800278c       0x10 D:\projects\arduino\buildtemp\core\wirish\start.S.o
                0x0800278c                __start__
 .text.start_c  0x0800279c       0x64 D:\projects\arduino\buildtemp\core\wirish\start_c.c.o
                0x0800279c                start_c
 .text._sbrk    0x08002800       0x44 D:\projects\arduino\buildtemp\core\wirish\syscalls.c.o
                0x08002800                _sbrk
 .text._exit    0x08002844        0x2 D:\projects\arduino\buildtemp\core\wirish\syscalls.c.o
                0x08002844                _exit
 .text.rb_full_count
                0x08002846       0x22 D:\projects\arduino\buildtemp\core\core.a(HardwareSerial.cpp.o)
 .text._ZN14HardwareSerial4readEv
                0x08002868       0x3a D:\projects\arduino\buildtemp\core\core.a(HardwareSerial.cpp.o)
                0x08002868                HardwareSerial::read()
 .text._ZN14HardwareSerial9availableEv
                0x080028a2        0xc D:\projects\arduino\buildtemp\core\core.a(HardwareSerial.cpp.o)
                0x080028a2                HardwareSerial::available()
 .text._ZN14HardwareSerial4peekEv
                0x080028ae       0x22 D:\projects\arduino\buildtemp\core\core.a(HardwareSerial.cpp.o)
                0x080028ae                HardwareSerial::peek()
 .text._ZN14HardwareSerial5flushEv
                0x080028d0       0x1a D:\projects\arduino\buildtemp\core\core.a(HardwareSerial.cpp.o)
                0x080028d0                HardwareSerial::flush()
 .text._ZN14HardwareSerial5writeEh
                0x080028ea       0x1e D:\projects\arduino\buildtemp\core\core.a(HardwareSerial.cpp.o)
                0x080028ea                HardwareSerial::write(unsigned char)
 .text._ZN14HardwareSerialC2EP9usart_devhh
                0x08002908       0x1c D:\projects\arduino\buildtemp\core\core.a(HardwareSerial.cpp.o)
                0x08002908                HardwareSerial::HardwareSerial(usart_dev*, unsigned char, unsigned char)
                0x08002908                HardwareSerial::HardwareSerial(usart_dev*, unsigned char, unsigned char)
 .text.set_this_dev
                0x08002924       0x1c D:\projects\arduino\buildtemp\core\core.a(HardwareTimer.cpp.o)
 .text._ZN13HardwareTimerC2Eh
                0x08002940       0x2c D:\projects\arduino\buildtemp\core\core.a(HardwareTimer.cpp.o)
                0x08002940                HardwareTimer::HardwareTimer(unsigned char)
                0x08002940                HardwareTimer::HardwareTimer(unsigned char)
 .text._ZN13HardwareTimer5pauseEv
                0x0800296c       0x10 D:\projects\arduino\buildtemp\core\core.a(HardwareTimer.cpp.o)
                0x0800296c                HardwareTimer::pause()
 .text._ZN13HardwareTimer6resumeEv
                0x0800297c       0x10 D:\projects\arduino\buildtemp\core\core.a(HardwareTimer.cpp.o)
                0x0800297c                HardwareTimer::resume()
 .text._ZN13HardwareTimer17setPrescaleFactorEm
                0x0800298c        0xc D:\projects\arduino\buildtemp\core\core.a(HardwareTimer.cpp.o)
                0x0800298c                HardwareTimer::setPrescaleFactor(unsigned long)
 .text._ZN13HardwareTimer11setOverflowEt
                0x08002998        0x8 D:\projects\arduino\buildtemp\core\core.a(HardwareTimer.cpp.o)
                0x08002998                HardwareTimer::setOverflow(unsigned short)
 .text._ZN13HardwareTimer9setPeriodEm
                0x080029a0       0x3e D:\projects\arduino\buildtemp\core\core.a(HardwareTimer.cpp.o)
                0x080029a0                HardwareTimer::setPeriod(unsigned long)
 .text._ZN13HardwareTimer7setModeEi10timer_mode
                0x080029de        0x8 D:\projects\arduino\buildtemp\core\core.a(HardwareTimer.cpp.o)
                0x080029de                HardwareTimer::setMode(int, timer_mode)
 .text._ZN13HardwareTimer10setCompareEit
                0x080029e6       0x1e D:\projects\arduino\buildtemp\core\core.a(HardwareTimer.cpp.o)
                0x080029e6                HardwareTimer::setCompare(int, unsigned short)
 .text._ZN13HardwareTimer15attachInterruptEiPFvvE
                0x08002a04        0x8 D:\projects\arduino\buildtemp\core\core.a(HardwareTimer.cpp.o)
                0x08002a04                HardwareTimer::attachInterrupt(int, void (*)())
 .text._ZN13HardwareTimer7refreshEv
                0x08002a0c       0x12 D:\projects\arduino\buildtemp\core\core.a(HardwareTimer.cpp.o)
                0x08002a0c                HardwareTimer::refresh()
 *fill*         0x08002a1e        0x2 
 .text.startup._GLOBAL__sub_I__ZN13HardwareTimerC2Eh
                0x08002a20       0x38 D:\projects\arduino\buildtemp\core\core.a(HardwareTimer.cpp.o)
 .text._ZN5Print5writeEPKvm
                0x08002a58       0x20 D:\projects\arduino\buildtemp\core\core.a(Print.cpp.o)
                0x08002a58                Print::write(void const*, unsigned long)
 .text._ZN5Print5writeEPKc
                0x08002a78       0x1e D:\projects\arduino\buildtemp\core\core.a(Print.cpp.o)
                0x08002a78                Print::write(char const*)
 .text._ZN5Print5printEc
                0x08002a96        0xa D:\projects\arduino\buildtemp\core\core.a(Print.cpp.o)
                0x08002a96                Print::print(char)
 .text._ZN5Print5printEPKc
                0x08002aa0        0xa D:\projects\arduino\buildtemp\core\core.a(Print.cpp.o)
                0x08002aa0                Print::print(char const*)
 .text._ZN5Print7printlnEv
                0x08002aaa       0x18 D:\projects\arduino\buildtemp\core\core.a(Print.cpp.o)
                0x08002aaa                Print::println()
 .text._ZN5Print7printlnEPKc
                0x08002ac2       0x14 D:\projects\arduino\buildtemp\core\core.a(Print.cpp.o)
                0x08002ac2                Print::println(char const*)
 .text._ZN5Print11printNumberEyh
                0x08002ad6       0x84 D:\projects\arduino\buildtemp\core\core.a(Print.cpp.o)
                0x08002ad6                Print::printNumber(unsigned long long, unsigned char)
 .text._ZN5Print5printExi
                0x08002b5a       0x32 D:\projects\arduino\buildtemp\core\core.a(Print.cpp.o)
                0x08002b5a                Print::print(long long, int)
 .text._ZN5Print5printEii
                0x08002b8c       0x12 D:\projects\arduino\buildtemp\core\core.a(Print.cpp.o)
                0x08002b8c                Print::print(int, int)
 .text._ZN5Print7printlnEii
                0x08002b9e       0x14 D:\projects\arduino\buildtemp\core\core.a(Print.cpp.o)
                0x08002b9e                Print::println(int, int)
 .text._ZN5Print5printEyi
                0x08002bb2        0xa D:\projects\arduino\buildtemp\core\core.a(Print.cpp.o)
                0x08002bb2                Print::print(unsigned long long, int)
 .text._ZN5Print5printEhi
                0x08002bbc       0x14 D:\projects\arduino\buildtemp\core\core.a(Print.cpp.o)
                0x08002bbc                Print::print(unsigned char, int)
 .text._ZN5Print7printlnEmi
                0x08002bd0       0x1e D:\projects\arduino\buildtemp\core\core.a(Print.cpp.o)
                0x08002bd0                Print::println(unsigned long, int)
 .text._ZN5Print10printDigitEhb
                0x08002bee       0x22 D:\projects\arduino\buildtemp\core\core.a(Print.cpp.o)
                0x08002bee                Print::printDigit(unsigned char, bool)
 .text._ZN5Print6printfEPKcz
                0x08002c10      0x318 D:\projects\arduino\buildtemp\core\core.a(Print.cpp.o)
                0x08002c10                Print::printf(char const*, ...)
 .text.adc_init
                0x08002f28       0x14 D:\projects\arduino\buildtemp\core\core.a(adc.c.o)
                0x08002f28                adc_init
 .text.adc_set_extsel
                0x08002f3c       0x12 D:\projects\arduino\buildtemp\core\core.a(adc.c.o)
                0x08002f3c                adc_set_extsel
 .text.adc_set_sample_rate
                0x08002f4e       0x30 D:\projects\arduino\buildtemp\core\core.a(adc.c.o)
                0x08002f4e                adc_set_sample_rate
 *fill*         0x08002f7e        0x2 
 .text.__irq_adc
                0x08002f80       0x50 D:\projects\arduino\buildtemp\core\core.a(adc_f1.c.o)
                0x08002f80                __irq_adc
 .text.adc_enable_irq
                0x08002fd0       0x30 D:\projects\arduino\buildtemp\core\core.a(adc_f1.c.o)
                0x08002fd0                adc_enable_irq
 .text.adc_attach_interrupt
                0x08003000        0xa D:\projects\arduino\buildtemp\core\core.a(adc_f1.c.o)
                0x08003000                adc_attach_interrupt
 .text.adc_calibrate
                0x0800300a       0x24 D:\projects\arduino\buildtemp\core\core.a(adc_f1.c.o)
                0x0800300a                adc_calibrate
 .text.adc_set_prescaler
                0x0800302e        0x8 D:\projects\arduino\buildtemp\core\core.a(adc_f1.c.o)
                0x0800302e                adc_set_prescaler
 *fill*         0x08003036        0x2 
 .text.adc_foreach
                0x08003038       0x1c D:\projects\arduino\buildtemp\core\core.a(adc_f1.c.o)
                0x08003038                adc_foreach
 .text.adc_enable_single_swstart
                0x08003054       0x36 D:\projects\arduino\buildtemp\core\core.a(adc_f1.c.o)
                0x08003054                adc_enable_single_swstart
 .text.dma_init
                0x0800308a        0x6 D:\projects\arduino\buildtemp\core\core.a(dma.c.o)
                0x0800308a                dma_init
 .text.dma_set_num_transfers
                0x08003090       0x10 D:\projects\arduino\buildtemp\core\core.a(dma_f1.c.o)
                0x08003090                dma_set_num_transfers
 .text.dma_enable
                0x080030a0       0x18 D:\projects\arduino\buildtemp\core\core.a(dma_f1.c.o)
                0x080030a0                dma_enable
 .text.dma_disable
                0x080030b8       0x18 D:\projects\arduino\buildtemp\core\core.a(dma_f1.c.o)
                0x080030b8                dma_disable
 .text.dma_setup_transfer
                0x080030d0       0x36 D:\projects\arduino\buildtemp\core\core.a(dma_f1.c.o)
                0x080030d0                dma_setup_transfer
 *fill*         0x08003106        0x2 
 .text.__irq_dma1_channel1
                0x08003108       0x18 D:\projects\arduino\buildtemp\core\core.a(dma_f1.c.o)
                0x08003108                __irq_dma1_channel1
 .text.__irq_dma1_channel2
                0x08003120       0x18 D:\projects\arduino\buildtemp\core\core.a(dma_f1.c.o)
                0x08003120                __irq_dma1_channel2
 .text.__irq_dma1_channel3
                0x08003138       0x1c D:\projects\arduino\buildtemp\core\core.a(dma_f1.c.o)
                0x08003138                __irq_dma1_channel3
 .text.__irq_dma1_channel4
                0x08003154       0x1c D:\projects\arduino\buildtemp\core\core.a(dma_f1.c.o)
                0x08003154                __irq_dma1_channel4
 .text.__irq_dma1_channel5
                0x08003170       0x1c D:\projects\arduino\buildtemp\core\core.a(dma_f1.c.o)
                0x08003170                __irq_dma1_channel5
 .text.__irq_dma1_channel6
                0x0800318c       0x1c D:\projects\arduino\buildtemp\core\core.a(dma_f1.c.o)
                0x0800318c                __irq_dma1_channel6
 .text.__irq_dma1_channel7
                0x080031a8       0x1c D:\projects\arduino\buildtemp\core\core.a(dma_f1.c.o)
                0x080031a8                __irq_dma1_channel7
 *fill*         0x080031c4        0xc 
 .text          0x080031d0       0x60 D:\projects\arduino\buildtemp\core\core.a(exc.S.o)
                0x080031d0                __exc_nmi
                0x080031d4                __exc_hardfault
                0x080031d8                __exc_memmanage
                0x080031dc                __exc_busfault
                0x080031e0                __exc_usagefault
 .text.__irq_exti0
                0x08003230       0x20 D:\projects\arduino\buildtemp\core\core.a(exti.c.o)
                0x08003230                __irq_exti0
 .text.__irq_exti1
                0x08003250       0x20 D:\projects\arduino\buildtemp\core\core.a(exti.c.o)
                0x08003250                __irq_exti1
 .text.__irq_exti2
                0x08003270       0x20 D:\projects\arduino\buildtemp\core\core.a(exti.c.o)
                0x08003270                __irq_exti2
 .text.__irq_exti3
                0x08003290       0x20 D:\projects\arduino\buildtemp\core\core.a(exti.c.o)
                0x08003290                __irq_exti3
 .text.__irq_exti4
                0x080032b0       0x20 D:\projects\arduino\buildtemp\core\core.a(exti.c.o)
                0x080032b0                __irq_exti4
 .text.__irq_exti9_5
                0x080032d0       0x44 D:\projects\arduino\buildtemp\core\core.a(exti.c.o)
                0x080032d0                __irq_exti9_5
 .text.__irq_exti15_10
                0x08003314       0x44 D:\projects\arduino\buildtemp\core\core.a(exti.c.o)
                0x08003314                __irq_exti15_10
 .text.flash_set_latency
                0x08003358       0x14 D:\projects\arduino\buildtemp\core\core.a(flash.c.o)
                0x08003358                flash_set_latency
 .text.gpio_init_all
                0x0800336c       0x30 D:\projects\arduino\buildtemp\core\core.a(gpio_f1.c.o)
                0x0800336c                gpio_init_all
 .text.gpio_set_mode
                0x0800339c       0x50 D:\projects\arduino\buildtemp\core\core.a(gpio_f1.c.o)
                0x0800339c                gpio_set_mode
 .text.afio_init
                0x080033ec       0x12 D:\projects\arduino\buildtemp\core\core.a(gpio_f1.c.o)
                0x080033ec                afio_init
 *fill*         0x080033fe        0x2 
 .text.__irq_i2c1_ev
                0x08003400        0xc D:\projects\arduino\buildtemp\core\core.a(i2c_f1.c.o)
                0x08003400                __irq_i2c1_ev
 .text.__irq_i2c2_ev
                0x0800340c        0xc D:\projects\arduino\buildtemp\core\core.a(i2c_f1.c.o)
                0x0800340c                __irq_i2c2_ev
 .text.__irq_i2c1_er
                0x08003418        0xc D:\projects\arduino\buildtemp\core\core.a(i2c_f1.c.o)
                0x08003418                __irq_i2c1_er
 .text.__irq_i2c2_er
                0x08003424        0xc D:\projects\arduino\buildtemp\core\core.a(i2c_f1.c.o)
                0x08003424                __irq_i2c2_er
 .text._i2c_irq_priority_fixup
                0x08003430       0x1c D:\projects\arduino\buildtemp\core\core.a(i2c_f1.c.o)
                0x08003430                _i2c_irq_priority_fixup
 .text.nvic_irq_set_priority
                0x0800344c       0x28 D:\projects\arduino\buildtemp\core\core.a(nvic.c.o)
                0x0800344c                nvic_irq_set_priority
 .text.nvic_init
                0x08003474       0x30 D:\projects\arduino\buildtemp\core\core.a(nvic.c.o)
                0x08003474                nvic_init
 .text.nvic_sys_reset
                0x080034a4       0x1c D:\projects\arduino\buildtemp\core\core.a(nvic.c.o)
                0x080034a4                nvic_sys_reset
 .text.rcc_dev_clk
                0x080034c0        0xc D:\projects\arduino\buildtemp\core\core.a(rcc.c.o)
                0x080034c0                rcc_dev_clk
 .text.rcc_switch_sysclk
                0x080034cc       0x20 D:\projects\arduino\buildtemp\core\core.a(rcc.c.o)
                0x080034cc                rcc_switch_sysclk
 .text.rcc_turn_on_clk
                0x080034ec       0x1a D:\projects\arduino\buildtemp\core\core.a(rcc.c.o)
                0x080034ec                rcc_turn_on_clk
 .text.rcc_turn_off_clk
                0x08003506       0x1c D:\projects\arduino\buildtemp\core\core.a(rcc.c.o)
                0x08003506                rcc_turn_off_clk
 .text.rcc_is_clk_ready
                0x08003522       0x18 D:\projects\arduino\buildtemp\core\core.a(rcc.c.o)
                0x08003522                rcc_is_clk_ready
 *fill*         0x0800353a        0x2 
 .text.rcc_configure_pll
                0x0800353c       0x18 D:\projects\arduino\buildtemp\core\core.a(rcc_f1.c.o)
                0x0800353c                rcc_configure_pll
 .text.rcc_clk_enable
                0x08003554       0x30 D:\projects\arduino\buildtemp\core\core.a(rcc_f1.c.o)
                0x08003554                rcc_clk_enable
 .text.rcc_reset_dev
                0x08003584       0x34 D:\projects\arduino\buildtemp\core\core.a(rcc_f1.c.o)
                0x08003584                rcc_reset_dev
 .text.rcc_set_prescaler
                0x080035b8       0x20 D:\projects\arduino\buildtemp\core\core.a(rcc_f1.c.o)
                0x080035b8                rcc_set_prescaler
 .text.rcc_clk_disable
                0x080035d8       0x30 D:\projects\arduino\buildtemp\core\core.a(rcc_f1.c.o)
                0x080035d8                rcc_clk_disable
 .text.bb_peri_set_bit
                0x08003608        0xe D:\projects\arduino\buildtemp\core\core.a(spi.c.o)
 .text.spi_init
                0x08003616       0x14 D:\projects\arduino\buildtemp\core\core.a(spi.c.o)
                0x08003616                spi_init
 .text.spi_peripheral_enable
                0x0800362a        0xa D:\projects\arduino\buildtemp\core\core.a(spi.c.o)
                0x0800362a                spi_peripheral_enable
 .text.spi_peripheral_disable
                0x08003634        0xa D:\projects\arduino\buildtemp\core\core.a(spi.c.o)
                0x08003634                spi_peripheral_disable
 .text.spi_reconfigure
                0x0800363e       0x2c D:\projects\arduino\buildtemp\core\core.a(spi.c.o)
 .text.spi_master_enable
                0x0800366a        0xc D:\projects\arduino\buildtemp\core\core.a(spi.c.o)
                0x0800366a                spi_master_enable
 .text.spi_tx_dma_enable
                0x08003676        0xc D:\projects\arduino\buildtemp\core\core.a(spi.c.o)
                0x08003676                spi_tx_dma_enable
 .text.spi_tx_dma_disable
                0x08003682        0xc D:\projects\arduino\buildtemp\core\core.a(spi.c.o)
                0x08003682                spi_tx_dma_disable
 .text.spi_config_gpios
                0x0800368e       0x5a D:\projects\arduino\buildtemp\core\core.a(spi_f1.c.o)
                0x0800368e                spi_config_gpios
 .text          0x080036e8        0x2 D:\projects\arduino\buildtemp\core\core.a(isrs.S.o)
                0x080036e8                __stm32reservedexception9
                0x080036e8                __exc_debug_monitor
                0x080036e8                __exc_svc
                0x080036e8                __irq_can_rx1
                0x080036e8                __irq_spi2
                0x080036e8                __irq_can_sce
                0x080036e8                __irq_pvd
                0x080036e8                __irq_tamper
                0x080036e8                __default_handler
                0x080036e8                __irq_wwdg
                0x080036e8                __stm32reservedexception10
                0x080036e8                __irq_flash
                0x080036e8                __stm32reservedexception13
                0x080036e8                __irq_rtc
                0x080036e8                __irq_spi1
                0x080036e8                __stm32reservedexception7
                0x080036e8                __irq_usb_hp_can_tx
                0x080036e8                __irq_rtcalarm
                0x080036e8                __stm32reservedexception8
                0x080036e8                __exc_pendsv
                0x080036e8                __irq_usbwakeup
                0x080036e8                __irq_rcc
 *fill*         0x080036ea        0x2 
 .text.systick_init
                0x080036ec       0x10 D:\projects\arduino\buildtemp\core\core.a(systick.c.o)
                0x080036ec                systick_init
 .text.__exc_systick
                0x080036fc       0x1c D:\projects\arduino\buildtemp\core\core.a(systick.c.o)
                0x080036fc                __exc_systick
 .text.timer_oc_set_mode
                0x08003718       0x3a D:\projects\arduino\buildtemp\core\core.a(timer.c.o)
 .text.timer_cc_enable
                0x08003752       0x1c D:\projects\arduino\buildtemp\core\core.a(timer.c.o)
 *fill*         0x0800376e        0x2 
 .text.timer_foreach
                0x08003770       0x28 D:\projects\arduino\buildtemp\core\core.a(timer.c.o)
                0x08003770                timer_foreach
 .text.timer_init
                0x08003798       0x14 D:\projects\arduino\buildtemp\core\core.a(timer.c.o)
                0x08003798                timer_init
 .text.timer_has_cc_channel
                0x080037ac       0x30 D:\projects\arduino\buildtemp\core\core.a(timer.c.o)
                0x080037ac                timer_has_cc_channel
 .text.timer_attach_interrupt
                0x080037dc       0xe0 D:\projects\arduino\buildtemp\core\core.a(timer.c.o)
                0x080037dc                timer_attach_interrupt
 .text.timer_detach_interrupt
                0x080038bc       0x1e D:\projects\arduino\buildtemp\core\core.a(timer.c.o)
                0x080038bc                timer_detach_interrupt
 .text.input_capture_mode
                0x080038da       0x1a D:\projects\arduino\buildtemp\core\core.a(timer.c.o)
                0x080038da                input_capture_mode
 .text.timer_set_mode
                0x080038f4       0x8c D:\projects\arduino\buildtemp\core\core.a(timer.c.o)
                0x080038f4                timer_set_mode
 .text.__irq_tim1_brk
                0x08003980       0x24 D:\projects\arduino\buildtemp\core\core.a(timer.c.o)
                0x08003980                __irq_tim1_brk
 .text.__irq_tim1_up
                0x080039a4       0x24 D:\projects\arduino\buildtemp\core\core.a(timer.c.o)
                0x080039a4                __irq_tim1_up
 .text.__irq_tim1_trg_com
                0x080039c8       0x38 D:\projects\arduino\buildtemp\core\core.a(timer.c.o)
                0x080039c8                __irq_tim1_trg_com
 .text.__irq_tim1_cc
                0x08003a00       0x54 D:\projects\arduino\buildtemp\core\core.a(timer.c.o)
                0x08003a00                __irq_tim1_cc
 .text.__irq_tim2
                0x08003a54       0x70 D:\projects\arduino\buildtemp\core\core.a(timer.c.o)
                0x08003a54                __irq_tim2
 .text.__irq_tim3
                0x08003ac4       0x70 D:\projects\arduino\buildtemp\core\core.a(timer.c.o)
                0x08003ac4                __irq_tim3
 .text.__irq_tim4
                0x08003b34       0x70 D:\projects\arduino\buildtemp\core\core.a(timer.c.o)
                0x08003b34                __irq_tim4
 .text.usart_tx
                0x08003ba4       0x9c D:\projects\arduino\buildtemp\core\core.a(usart.c.o)
                0x08003ba4                usart_tx
 .text.rb_remove
                0x08003c40       0x24 D:\projects\arduino\buildtemp\core\core.a(usart_f1.c.o)
 .text.rb_push_insert
                0x08003c64       0x52 D:\projects\arduino\buildtemp\core\core.a(usart_f1.c.o)
 *fill*         0x08003cb6        0x2 
 .text.__irq_usart1
                0x08003cb8       0x54 D:\projects\arduino\buildtemp\core\core.a(usart_f1.c.o)
                0x08003cb8                __irq_usart1
 .text.__irq_usart2
                0x08003d0c       0x54 D:\projects\arduino\buildtemp\core\core.a(usart_f1.c.o)
                0x08003d0c                __irq_usart2
 .text.__irq_usart3
                0x08003d60       0x54 D:\projects\arduino\buildtemp\core\core.a(usart_f1.c.o)
                0x08003d60                __irq_usart3
 .text.usb_resume
                0x08003db4       0xb4 D:\projects\arduino\buildtemp\core\core.a(usb.c.o)
 .text.usb_init_usblib
                0x08003e68       0x48 D:\projects\arduino\buildtemp\core\core.a(usb.c.o)
                0x08003e68                usb_init_usblib
 .text.__irq_usb_lp_can_rx0
                0x08003eb0      0x1c8 D:\projects\arduino\buildtemp\core\core.a(usb.c.o)
                0x08003eb0                __irq_usb_lp_can_rx0
 .text.usb_set_ep_rx_stat
                0x08004078       0x22 D:\projects\arduino\buildtemp\core\core.a(usb_cdcacm.c.o)
 *fill*         0x0800409a        0x2 
 .text.vcomGetSetLineCoding
                0x0800409c       0x18 D:\projects\arduino\buildtemp\core\core.a(usb_cdcacm.c.o)
 .text.usbDataSetup
                0x080040b4       0x54 D:\projects\arduino\buildtemp\core\core.a(usb_cdcacm.c.o)
 .text.usbNoDataSetup
                0x08004108       0x50 D:\projects\arduino\buildtemp\core\core.a(usb_cdcacm.c.o)
 .text.usbGetInterfaceSetting
                0x08004158       0x10 D:\projects\arduino\buildtemp\core\core.a(usb_cdcacm.c.o)
 .text.usbSetConfiguration
                0x08004168       0x1c D:\projects\arduino\buildtemp\core\core.a(usb_cdcacm.c.o)
 .text.usbSetDeviceAddress
                0x08004184       0x10 D:\projects\arduino\buildtemp\core\core.a(usb_cdcacm.c.o)
 .text.usbGetStringDescriptor
                0x08004194       0x20 D:\projects\arduino\buildtemp\core\core.a(usb_cdcacm.c.o)
 .text.usbGetConfigDescriptor
                0x080041b4        0xc D:\projects\arduino\buildtemp\core\core.a(usb_cdcacm.c.o)
 .text.usbGetDeviceDescriptor
                0x080041c0        0xc D:\projects\arduino\buildtemp\core\core.a(usb_cdcacm.c.o)
 .text.usbInit  0x080041cc       0x44 D:\projects\arduino\buildtemp\core\core.a(usb_cdcacm.c.o)
 .text.vcomDataTxCb
                0x08004210       0xa0 D:\projects\arduino\buildtemp\core\core.a(usb_cdcacm.c.o)
 .text.usbReset
                0x080042b0      0x160 D:\projects\arduino\buildtemp\core\core.a(usb_cdcacm.c.o)
 .text.vcomDataRxCb
                0x08004410       0x7c D:\projects\arduino\buildtemp\core\core.a(usb_cdcacm.c.o)
 .text.usb_cdcacm_set_hooks
                0x0800448c       0x1c D:\projects\arduino\buildtemp\core\core.a(usb_cdcacm.c.o)
                0x0800448c                usb_cdcacm_set_hooks
 .text.usb_cdcacm_enable
                0x080044a8       0x38 D:\projects\arduino\buildtemp\core\core.a(usb_cdcacm.c.o)
                0x080044a8                usb_cdcacm_enable
 .text.usb_cdcacm_tx
                0x080044e0       0x60 D:\projects\arduino\buildtemp\core\core.a(usb_cdcacm.c.o)
                0x080044e0                usb_cdcacm_tx
 .text.usb_cdcacm_data_available
                0x08004540       0x18 D:\projects\arduino\buildtemp\core\core.a(usb_cdcacm.c.o)
                0x08004540                usb_cdcacm_data_available
 .text.usb_cdcacm_peek
                0x08004558       0x38 D:\projects\arduino\buildtemp\core\core.a(usb_cdcacm.c.o)
                0x08004558                usb_cdcacm_peek
 .text.usb_cdcacm_rx
                0x08004590       0x34 D:\projects\arduino\buildtemp\core\core.a(usb_cdcacm.c.o)
                0x08004590                usb_cdcacm_rx
 .text.usb_cdcacm_peek_ex
                0x080045c4       0x40 D:\projects\arduino\buildtemp\core\core.a(usb_cdcacm.c.o)
                0x080045c4                usb_cdcacm_peek_ex
 .text.usb_cdcacm_get_dtr
                0x08004604       0x10 D:\projects\arduino\buildtemp\core\core.a(usb_cdcacm.c.o)
                0x08004604                usb_cdcacm_get_dtr
 .text.usb_set_ep_rx_count
                0x08004614       0x40 D:\projects\arduino\buildtemp\core\core.a(usb_reg_map.c.o)
                0x08004614                usb_set_ep_rx_count
 .text.Standard_GetConfiguration
                0x08004654       0x24 D:\projects\arduino\buildtemp\core\core.a(usb_core.c.o)
                0x08004654                Standard_GetConfiguration
 .text.Standard_GetInterface
                0x08004678       0x24 D:\projects\arduino\buildtemp\core\core.a(usb_core.c.o)
                0x08004678                Standard_GetInterface
 .text.Standard_GetStatus
                0x0800469c       0x90 D:\projects\arduino\buildtemp\core\core.a(usb_core.c.o)
                0x0800469c                Standard_GetStatus
 .text.DataStageIn
                0x0800472c       0xa8 D:\projects\arduino\buildtemp\core\core.a(usb_core.c.o)
 .text.Standard_SetConfiguration
                0x080047d4       0x38 D:\projects\arduino\buildtemp\core\core.a(usb_core.c.o)
                0x080047d4                Standard_SetConfiguration
 .text.Standard_SetInterface
                0x0800480c       0x48 D:\projects\arduino\buildtemp\core\core.a(usb_core.c.o)
                0x0800480c                Standard_SetInterface
 .text.Standard_ClearFeature
                0x08004854       0xd0 D:\projects\arduino\buildtemp\core\core.a(usb_core.c.o)
                0x08004854                Standard_ClearFeature
 .text.Standard_SetEndPointFeature
                0x08004924       0x84 D:\projects\arduino\buildtemp\core\core.a(usb_core.c.o)
                0x08004924                Standard_SetEndPointFeature
 .text.Standard_SetDeviceFeature
                0x080049a8       0x24 D:\projects\arduino\buildtemp\core\core.a(usb_core.c.o)
                0x080049a8                Standard_SetDeviceFeature
 .text.Standard_GetDescriptorData
                0x080049cc       0x1c D:\projects\arduino\buildtemp\core\core.a(usb_core.c.o)
                0x080049cc                Standard_GetDescriptorData
 .text.Post0_Process
                0x080049e8       0x40 D:\projects\arduino\buildtemp\core\core.a(usb_core.c.o)
                0x080049e8                Post0_Process
 .text.Setup0_Process
                0x08004a28      0x2d0 D:\projects\arduino\buildtemp\core\core.a(usb_core.c.o)
                0x08004a28                Setup0_Process
 .text.Out0_Process
                0x08004cf8       0xc8 D:\projects\arduino\buildtemp\core\core.a(usb_core.c.o)
                0x08004cf8                Out0_Process
 .text.SetDeviceAddress
                0x08004dc0       0x38 D:\projects\arduino\buildtemp\core\core.a(usb_core.c.o)
                0x08004dc0                SetDeviceAddress
 .text.In0_Process
                0x08004df8       0x5c D:\projects\arduino\buildtemp\core\core.a(usb_core.c.o)
                0x08004df8                In0_Process
 .text.NOP_Process
                0x08004e54        0x2 D:\projects\arduino\buildtemp\core\core.a(usb_core.c.o)
                0x08004e54                NOP_Process
 .text.UserToPMABufferCopy
                0x08004e56       0x30 D:\projects\arduino\buildtemp\core\core.a(usb_mem.c.o)
                0x08004e56                UserToPMABufferCopy
 .text.PMAToUserBufferCopy
                0x08004e86       0x24 D:\projects\arduino\buildtemp\core\core.a(usb_mem.c.o)
                0x08004e86                PMAToUserBufferCopy
 .text.SetEPTxStatus
                0x08004eaa       0x2a D:\projects\arduino\buildtemp\core\core.a(usb_regs.c.o)
                0x08004eaa                SetEPTxStatus
 .text.ClearDTOG_RX
                0x08004ed4       0x20 D:\projects\arduino\buildtemp\core\core.a(usb_regs.c.o)
                0x08004ed4                ClearDTOG_RX
 .text.ClearDTOG_TX
                0x08004ef4       0x20 D:\projects\arduino\buildtemp\core\core.a(usb_regs.c.o)
                0x08004ef4                ClearDTOG_TX
 .text.GetEPTxAddr
                0x08004f14       0x1c D:\projects\arduino\buildtemp\core\core.a(usb_regs.c.o)
                0x08004f14                GetEPTxAddr
 .text.GetEPRxAddr
                0x08004f30       0x1c D:\projects\arduino\buildtemp\core\core.a(usb_regs.c.o)
                0x08004f30                GetEPRxAddr
 .text.SetEPTxCount
                0x08004f4c       0x1c D:\projects\arduino\buildtemp\core\core.a(usb_regs.c.o)
                0x08004f4c                SetEPTxCount
 .text.SetEPRxCount
                0x08004f68       0x40 D:\projects\arduino\buildtemp\core\core.a(usb_regs.c.o)
                0x08004f68                SetEPRxCount
 .text.usart_putc
                0x08004fa8       0x1c D:\projects\arduino\buildtemp\core\core.a(util.c.o)
 .text.usart_putstr
                0x08004fc4       0x16 D:\projects\arduino\buildtemp\core\core.a(util.c.o)
 *fill*         0x08004fda        0x2 
 .text.throb    0x08004fdc       0x4c D:\projects\arduino\buildtemp\core\core.a(util.c.o)
                0x08004fdc                throb
 .text.__error  0x08005028       0x14 D:\projects\arduino\buildtemp\core\core.a(util.c.o)
                0x08005028                __error
 .text.abort    0x0800503c       0x1c D:\projects\arduino\buildtemp\core\core.a(util.c.o)
                0x0800503c                abort
 .text.startup._Z7premainv
                0x08005058        0x4 D:\projects\arduino\buildtemp\core\core.a(main.cpp.o)
                0x08005058                premain()
 .text.startup.main
                0x0800505c        0xc D:\projects\arduino\buildtemp\core\core.a(main.cpp.o)
                0x0800505c                main
 .text._Z8pwmWriteht
                0x08005068       0x24 D:\projects\arduino\buildtemp\core\core.a(pwm.cpp.o)
                0x08005068                pwmWrite(unsigned char, unsigned short)
 .text._Z7pinModeh13WiringPinMode
                0x0800508c       0x84 D:\projects\arduino\buildtemp\core\core.a(wirish_digital_f1.cpp.o)
                0x0800508c                pinMode(unsigned char, WiringPinMode)
 .text._ZN9USBSerial9availableEv
                0x08005110        0x4 D:\projects\arduino\buildtemp\core\core.a(usb_serial.cpp.o)
                0x08005110                USBSerial::available()
 .text._ZN9USBSerial4peekEv
                0x08005114       0x1e D:\projects\arduino\buildtemp\core\core.a(usb_serial.cpp.o)
                0x08005114                USBSerial::peek()
 .text._ZN9USBSerial4readEv
                0x08005132       0x1e D:\projects\arduino\buildtemp\core\core.a(usb_serial.cpp.o)
                0x08005132                USBSerial::read()
 .text._ZL14ifaceSetupHookjPv
                0x08005150       0x38 D:\projects\arduino\buildtemp\core\core.a(usb_serial.cpp.o)
 .text._ZL6rxHookjPv
                0x08005188       0xa0 D:\projects\arduino\buildtemp\core\core.a(usb_serial.cpp.o)
 .text._ZL10wait_resetv
                0x08005228       0x10 D:\projects\arduino\buildtemp\core\core.a(usb_serial.cpp.o)
 .text._ZN9USBSerialC2Ev
                0x08005238       0x14 D:\projects\arduino\buildtemp\core\core.a(usb_serial.cpp.o)
                0x08005238                USBSerial::USBSerial()
                0x08005238                USBSerial::USBSerial()
 .text._ZN9USBSerial5beginEv
                0x0800524c       0x34 D:\projects\arduino\buildtemp\core\core.a(usb_serial.cpp.o)
                0x0800524c                USBSerial::begin()
 .text._ZN9USBSerial5beginEm
                0x08005280       0x10 D:\projects\arduino\buildtemp\core\core.a(usb_serial.cpp.o)
                0x08005280                USBSerial::begin(unsigned long)
 .text._ZN9USBSerial4readEPhm
                0x08005290       0x1c D:\projects\arduino\buildtemp\core\core.a(usb_serial.cpp.o)
                0x08005290                USBSerial::read(unsigned char*, unsigned long)
 .text._ZN9USBSerial5flushEv
                0x080052ac       0x1c D:\projects\arduino\buildtemp\core\core.a(usb_serial.cpp.o)
                0x080052ac                USBSerial::flush()
 .text._ZN9USBSerialcvbEv
                0x080052c8       0x20 D:\projects\arduino\buildtemp\core\core.a(usb_serial.cpp.o)
                0x080052c8                USBSerial::operator bool()
 .text._ZN9USBSerial5writeEPKhm
                0x080052e8       0x24 D:\projects\arduino\buildtemp\core\core.a(usb_serial.cpp.o)
                0x080052e8                USBSerial::write(unsigned char const*, unsigned long)
 .text._ZN9USBSerial5writeEh
                0x0800530c       0x18 D:\projects\arduino\buildtemp\core\core.a(usb_serial.cpp.o)
                0x0800530c                USBSerial::write(unsigned char)
 .text._ZN9USBSerial5writeEPKc
                0x08005324       0x1a D:\projects\arduino\buildtemp\core\core.a(usb_serial.cpp.o)
                0x08005324                USBSerial::write(char const*)
 *fill*         0x0800533e        0x2 
 .text.startup._GLOBAL__sub_I__ZN9USBSerial9_hasBegunE
                0x08005340        0xc D:\projects\arduino\buildtemp\core\core.a(usb_serial.cpp.o)
 .text._Z11digitalReadh
                0x0800534c       0x2c D:\projects\arduino\buildtemp\core\core.a(wirish_digital.cpp.o)
                0x0800534c                digitalRead(unsigned char)
 .text.bkp_init
                0x08005378       0x18 D:\projects\arduino\buildtemp\core\core.a(bkp_f1.c.o)
                0x08005378                bkp_init
 .text.bkp_enable_writes
                0x08005390        0xc D:\projects\arduino\buildtemp\core\core.a(bkp_f1.c.o)
                0x08005390                bkp_enable_writes
 .text.bkp_disable_writes
                0x0800539c        0xc D:\projects\arduino\buildtemp\core\core.a(bkp_f1.c.o)
                0x0800539c                bkp_disable_writes
 .text.bkp_write
                0x080053a8       0x16 D:\projects\arduino\buildtemp\core\core.a(bkp_f1.c.o)
                0x080053a8                bkp_write
 .text.gpio_init
                0x080053be       0x14 D:\projects\arduino\buildtemp\core\core.a(gpio.c.o)
                0x080053be                gpio_init
 .text.i2c_start_condition
                0x080053d2       0x14 D:\projects\arduino\buildtemp\core\core.a(i2c.c.o)
 .text.i2c_stop_condition
                0x080053e6       0x1c D:\projects\arduino\buildtemp\core\core.a(i2c.c.o)
 *fill*         0x08005402        0x2 
 .text._i2c_irq_handler
                0x08005404      0x16c D:\projects\arduino\buildtemp\core\core.a(i2c.c.o)
                0x08005404                _i2c_irq_handler
 .text._i2c_irq_error_handler
                0x08005570       0x2a D:\projects\arduino\buildtemp\core\core.a(i2c.c.o)
                0x08005570                _i2c_irq_error_handler
 *fill*         0x0800559a        0x2 
 .text.__aeabi_atexit
                0x0800559c        0xc c:/users/softegg/appdata/local/arduino15/packages/arduino/tools/arm-none-eabi-gcc/4.8.3-2014q1/bin/../lib/gcc/arm-none-eabi/4.8.3/../../../../arm-none-eabi/lib/armv7-m\libstdc++.a(atexit_arm.o)
                0x0800559c                __aeabi_atexit
 .text.pow      0x080055a8      0x2f8 c:/users/softegg/appdata/local/arduino15/packages/arduino/tools/arm-none-eabi-gcc/4.8.3-2014q1/bin/../lib/gcc/arm-none-eabi/4.8.3/../../../../arm-none-eabi/lib/armv7-m\libm.a(lib_a-w_pow.o)
                0x080055a8                pow
 .text.__ieee754_pow
                0x080058a0      0xab8 c:/users/softegg/appdata/local/arduino15/packages/arduino/tools/arm-none-eabi-gcc/4.8.3-2014q1/bin/../lib/gcc/arm-none-eabi/4.8.3/../../../../arm-none-eabi/lib/armv7-m\libm.a(lib_a-e_pow.o)
                0x080058a0                __ieee754_pow
 .text.__ieee754_sqrt
                0x08006358      0x180 c:/users/softegg/appdata/local/arduino15/packages/arduino/tools/arm-none-eabi-gcc/4.8.3-2014q1/bin/../lib/gcc/arm-none-eabi/4.8.3/../../../../arm-none-eabi/lib/armv7-m\libm.a(lib_a-e_sqrt.o)
                0x08006358                __ieee754_sqrt
 .text.fabs     0x080064d8        0x8 c:/users/softegg/appdata/local/arduino15/packages/arduino/tools/arm-none-eabi-gcc/4.8.3-2014q1/bin/../lib/gcc/arm-none-eabi/4.8.3/../../../../arm-none-eabi/lib/armv7-m\libm.a(lib_a-s_fabs.o)
                0x080064d8                fabs
 .text.finite   0x080064e0        0xc c:/users/softegg/appdata/local/arduino15/packages/arduino/tools/arm-none-eabi-gcc/4.8.3-2014q1/bin/../lib/gcc/arm-none-eabi/4.8.3/../../../../arm-none-eabi/lib/armv7-m\libm.a(lib_a-s_finite.o)
                0x080064e0                finite
 .text.__fpclassifyd
                0x080064ec       0x50 c:/users/softegg/appdata/local/arduino15/packages/arduino/tools/arm-none-eabi-gcc/4.8.3-2014q1/bin/../lib/gcc/arm-none-eabi/4.8.3/../../../../arm-none-eabi/lib/armv7-m\libm.a(lib_a-s_fpclassify.o)
                0x080064ec                __fpclassifyd
 .text.matherr  0x0800653c        0x4 c:/users/softegg/appdata/local/arduino15/packages/arduino/tools/arm-none-eabi-gcc/4.8.3-2014q1/bin/../lib/gcc/arm-none-eabi/4.8.3/../../../../arm-none-eabi/lib/armv7-m\libm.a(lib_a-s_matherr.o)
                0x0800653c                matherr
 .text.nan      0x08006540        0xc c:/users/softegg/appdata/local/arduino15/packages/arduino/tools/arm-none-eabi-gcc/4.8.3-2014q1/bin/../lib/gcc/arm-none-eabi/4.8.3/../../../../arm-none-eabi/lib/armv7-m\libm.a(lib_a-s_nan.o)
                0x08006540                nan
 .text.rint     0x0800654c      0x118 c:/users/softegg/appdata/local/arduino15/packages/arduino/tools/arm-none-eabi-gcc/4.8.3-2014q1/bin/../lib/gcc/arm-none-eabi/4.8.3/../../../../arm-none-eabi/lib/armv7-m\libm.a(lib_a-s_rint.o)
                0x0800654c                rint
 *fill*         0x08006664        0x4 
 .text.scalbn   0x08006668      0x100 c:/users/softegg/appdata/local/arduino15/packages/arduino/tools/arm-none-eabi-gcc/4.8.3-2014q1/bin/../lib/gcc/arm-none-eabi/4.8.3/../../../../arm-none-eabi/lib/armv7-m\libm.a(lib_a-s_scalbn.o)
                0x08006668                scalbn
 .text.copysign
                0x08006768       0x14 c:/users/softegg/appdata/local/arduino15/packages/arduino/tools/arm-none-eabi-gcc/4.8.3-2014q1/bin/../lib/gcc/arm-none-eabi/4.8.3/../../../../arm-none-eabi/lib/armv7-m\libm.a(lib_a-s_copysign.o)
                0x08006768                copysign
 .text          0x0800677c      0x370 c:/users/softegg/appdata/local/arduino15/packages/arduino/tools/arm-none-eabi-gcc/4.8.3-2014q1/bin/../lib/gcc/arm-none-eabi/4.8.3/armv7-m\libgcc.a(_arm_addsubdf3.o)
                0x0800677c                __aeabi_drsub
                0x08006784                __aeabi_dsub
                0x08006784                __subdf3
                0x08006788                __aeabi_dadd
                0x08006788                __adddf3
                0x08006a00                __floatunsidf
                0x08006a00                __aeabi_ui2d
                0x08006a20                __floatsidf
                0x08006a20                __aeabi_i2d
                0x08006a44                __aeabi_f2d
                0x08006a44                __extendsfdf2
                0x08006a80                __floatundidf
                0x08006a80                __aeabi_ul2d
                0x08006a90                __floatdidf
                0x08006a90                __aeabi_l2d
 .text          0x08006aec      0x424 c:/users/softegg/appdata/local/arduino15/packages/arduino/tools/arm-none-eabi-gcc/4.8.3-2014q1/bin/../lib/gcc/arm-none-eabi/4.8.3/armv7-m\libgcc.a(_arm_muldivdf3.o)
                0x08006aec                __aeabi_dmul
                0x08006aec                __muldf3
                0x08006d40                __divdf3
                0x08006d40                __aeabi_ddiv
 .text          0x08006f10      0x110 c:/users/softegg/appdata/local/arduino15/packages/arduino/tools/arm-none-eabi-gcc/4.8.3-2014q1/bin/../lib/gcc/arm-none-eabi/4.8.3/armv7-m\libgcc.a(_arm_cmpdf2.o)
                0x08006f10                __gtdf2
                0x08006f10                __gedf2
                0x08006f18                __ltdf2
                0x08006f18                __ledf2
                0x08006f20                __nedf2
                0x08006f20                __eqdf2
                0x08006f20                __cmpdf2
                0x08006f9c                __aeabi_cdrcmple
                0x08006fac                __aeabi_cdcmpeq
                0x08006fac                __aeabi_cdcmple
                0x08006fbc                __aeabi_dcmpeq
                0x08006fd0                __aeabi_dcmplt
                0x08006fe4                __aeabi_dcmple
                0x08006ff8                __aeabi_dcmpge
                0x0800700c                __aeabi_dcmpgt
 .text          0x08007020       0xa0 c:/users/softegg/appdata/local/arduino15/packages/arduino/tools/arm-none-eabi-gcc/4.8.3-2014q1/bin/../lib/gcc/arm-none-eabi/4.8.3/armv7-m\libgcc.a(_arm_truncdfsf2.o)
                0x08007020                __truncdfsf2
                0x08007020                __aeabi_d2f
 .text          0x080070c0      0x21c c:/users/softegg/appdata/local/arduino15/packages/arduino/tools/arm-none-eabi-gcc/4.8.3-2014q1/bin/../lib/gcc/arm-none-eabi/4.8.3/armv7-m\libgcc.a(_arm_addsubsf3.o)
                0x080070c0                __aeabi_frsub
                0x080070c8                __subsf3
                0x080070c8                __aeabi_fsub
                0x080070cc                __aeabi_fadd
                0x080070cc                __addsf3
                0x0800722c                __aeabi_ui2f
                0x0800722c                __floatunsisf
                0x08007234                __aeabi_i2f
                0x08007234                __floatsisf
                0x08007250                __aeabi_ul2f
                0x08007250                __floatundisf
                0x08007260                __aeabi_l2f
                0x08007260                __floatdisf
 .text          0x080072dc      0x2a0 c:/users/softegg/appdata/local/arduino15/packages/arduino/tools/arm-none-eabi-gcc/4.8.3-2014q1/bin/../lib/gcc/arm-none-eabi/4.8.3/armv7-m\libgcc.a(_arm_muldivsf3.o)
                0x080072dc                __mulsf3
                0x080072dc                __aeabi_fmul
                0x08007444                __aeabi_fdiv
                0x08007444                __divsf3
 .text          0x0800757c       0xec c:/users/softegg/appdata/local/arduino15/packages/arduino/tools/arm-none-eabi-gcc/4.8.3-2014q1/bin/../lib/gcc/arm-none-eabi/4.8.3/armv7-m\libgcc.a(_arm_cmpsf2.o)
                0x0800757c                __gesf2
                0x0800757c                __gtsf2
                0x08007584                __lesf2
                0x08007584                __ltsf2
                0x0800758c                __nesf2
                0x0800758c                __eqsf2
                0x0800758c                __cmpsf2
                0x080075ec                __aeabi_cfrcmple
                0x080075f4                __aeabi_cfcmpeq
                0x080075f4                __aeabi_cfcmple
                0x08007604                __aeabi_fcmpeq
                0x08007618                __aeabi_fcmplt
                0x0800762c                __aeabi_fcmple
                0x08007640                __aeabi_fcmpge
                0x08007654                __aeabi_fcmpgt
 .text          0x08007668       0x40 c:/users/softegg/appdata/local/arduino15/packages/arduino/tools/arm-none-eabi-gcc/4.8.3-2014q1/bin/../lib/gcc/arm-none-eabi/4.8.3/armv7-m\libgcc.a(_arm_fixunssfsi.o)
                0x08007668                __fixunssfsi
                0x08007668                __aeabi_f2uiz
 .text          0x080076a8       0x2c c:/users/softegg/appdata/local/arduino15/packages/arduino/tools/arm-none-eabi-gcc/4.8.3-2014q1/bin/../lib/gcc/arm-none-eabi/4.8.3/armv7-m\libgcc.a(_aeabi_uldivmod.o)
                0x080076a8                __aeabi_uldivmod
 .text          0x080076d4       0x60 c:/users/softegg/appdata/local/arduino15/packages/arduino/tools/arm-none-eabi-gcc/4.8.3-2014q1/bin/../lib/gcc/arm-none-eabi/4.8.3/armv7-m\libgcc.a(bpabi.o)
                0x080076d4                __gnu_ldivmod_helper
                0x08007704                __gnu_uldivmod_helper
 .text          0x08007734        0x4 c:/users/softegg/appdata/local/arduino15/packages/arduino/tools/arm-none-eabi-gcc/4.8.3-2014q1/bin/../lib/gcc/arm-none-eabi/4.8.3/armv7-m\libgcc.a(_dvmd_tls.o)
                0x08007734                __aeabi_idiv0
                0x08007734                __aeabi_ldiv0
 .text          0x08007738      0x2a0 c:/users/softegg/appdata/local/arduino15/packages/arduino/tools/arm-none-eabi-gcc/4.8.3-2014q1/bin/../lib/gcc/arm-none-eabi/4.8.3/armv7-m\libgcc.a(_divdi3.o)
                0x08007738                __divdi3
 .text          0x080079d8      0x290 c:/users/softegg/appdata/local/arduino15/packages/arduino/tools/arm-none-eabi-gcc/4.8.3-2014q1/bin/../lib/gcc/arm-none-eabi/4.8.3/armv7-m\libgcc.a(_udivdi3.o)
                0x080079d8                __udivdi3
 .text.__cxa_atexit
                0x08007c68       0x14 c:/users/softegg/appdata/local/arduino15/packages/arduino/tools/arm-none-eabi-gcc/4.8.3-2014q1/bin/../lib/gcc/arm-none-eabi/4.8.3/../../../../arm-none-eabi/lib/armv7-m\libc.a(lib_a-cxa_atexit.o)
                0x08007c68                __cxa_atexit
 .text.__errno  0x08007c7c        0xc c:/users/softegg/appdata/local/arduino15/packages/arduino/tools/arm-none-eabi-gcc/4.8.3-2014q1/bin/../lib/gcc/arm-none-eabi/4.8.3/../../../../arm-none-eabi/lib/armv7-m\libc.a(lib_a-errno.o)
                0x08007c7c                __errno
 .text.exit     0x08007c88       0x20 c:/users/softegg/appdata/local/arduino15/packages/arduino/tools/arm-none-eabi-gcc/4.8.3-2014q1/bin/../lib/gcc/arm-none-eabi/4.8.3/../../../../arm-none-eabi/lib/armv7-m\libc.a(lib_a-exit.o)
                0x08007c88                exit
 .text.__libc_init_array
                0x08007ca8       0x50 c:/users/softegg/appdata/local/arduino15/packages/arduino/tools/arm-none-eabi-gcc/4.8.3-2014q1/bin/../lib/gcc/arm-none-eabi/4.8.3/../../../../arm-none-eabi/lib/armv7-m\libc.a(lib_a-init.o)
                0x08007ca8                __libc_init_array
 .text.malloc   0x08007cf8       0x10 c:/users/softegg/appdata/local/arduino15/packages/arduino/tools/arm-none-eabi-gcc/4.8.3-2014q1/bin/../lib/gcc/arm-none-eabi/4.8.3/../../../../arm-none-eabi/lib/armv7-m\libc.a(lib_a-malloc.o)
                0x08007cf8                malloc
 .text.free     0x08007d08       0x10 c:/users/softegg/appdata/local/arduino15/packages/arduino/tools/arm-none-eabi-gcc/4.8.3-2014q1/bin/../lib/gcc/arm-none-eabi/4.8.3/../../../../arm-none-eabi/lib/armv7-m\libc.a(lib_a-malloc.o)
                0x08007d08                free
 .text._malloc_r
                0x08007d18      0x538 c:/users/softegg/appdata/local/arduino15/packages/arduino/tools/arm-none-eabi-gcc/4.8.3-2014q1/bin/../lib/gcc/arm-none-eabi/4.8.3/../../../../arm-none-eabi/lib/armv7-m\libc.a(lib_a-mallocr.o)
                0x08007d18                _malloc_r
 .text          0x08008250       0xec c:/users/softegg/appdata/local/arduino15/packages/arduino/tools/arm-none-eabi-gcc/4.8.3-2014q1/bin/../lib/gcc/arm-none-eabi/4.8.3/../../../../arm-none-eabi/lib/armv7-m\libc.a(lib_a-memcpy.o)
                0x08008250                memcpy
 .text.__malloc_lock
                0x0800833c        0x4 c:/users/softegg/appdata/local/arduino15/packages/arduino/tools/arm-none-eabi-gcc/4.8.3-2014q1/bin/../lib/gcc/arm-none-eabi/4.8.3/../../../../arm-none-eabi/lib/armv7-m\libc.a(lib_a-mlock.o)
                0x0800833c                __malloc_lock
 .text.__malloc_unlock
                0x08008340        0x4 c:/users/softegg/appdata/local/arduino15/packages/arduino/tools/arm-none-eabi-gcc/4.8.3-2014q1/bin/../lib/gcc/arm-none-eabi/4.8.3/../../../../arm-none-eabi/lib/armv7-m\libc.a(lib_a-mlock.o)
                0x08008340                __malloc_unlock
 .text._sbrk_r  0x08008344       0x24 c:/users/softegg/appdata/local/arduino15/packages/arduino/tools/arm-none-eabi-gcc/4.8.3-2014q1/bin/../lib/gcc/arm-none-eabi/4.8.3/../../../../arm-none-eabi/lib/armv7-m\libc.a(lib_a-sbrkr.o)
                0x08008344                _sbrk_r
 .text.strlen   0x08008368       0x60 c:/users/softegg/appdata/local/arduino15/packages/arduino/tools/arm-none-eabi-gcc/4.8.3-2014q1/bin/../lib/gcc/arm-none-eabi/4.8.3/../../../../arm-none-eabi/lib/armv7-m\libc.a(lib_a-strlen.o)
                0x08008368                strlen
 .text.__register_exitproc
                0x080083c8       0xa8 c:/users/softegg/appdata/local/arduino15/packages/arduino/tools/arm-none-eabi-gcc/4.8.3-2014q1/bin/../lib/gcc/arm-none-eabi/4.8.3/../../../../arm-none-eabi/lib/armv7-m\libc.a(lib_a-__atexit.o)
                0x080083c8                __register_exitproc
 .text.startup.register_fini
                0x08008470       0x14 c:/users/softegg/appdata/local/arduino15/packages/arduino/tools/arm-none-eabi-gcc/4.8.3-2014q1/bin/../lib/gcc/arm-none-eabi/4.8.3/../../../../arm-none-eabi/lib/armv7-m\libc.a(lib_a-__call_atexit.o)
 .text.__call_exitprocs
                0x08008484       0xf0 c:/users/softegg/appdata/local/arduino15/packages/arduino/tools/arm-none-eabi-gcc/4.8.3-2014q1/bin/../lib/gcc/arm-none-eabi/4.8.3/../../../../arm-none-eabi/lib/armv7-m\libc.a(lib_a-__call_atexit.o)
                0x08008484                __call_exitprocs
 .text.atexit   0x08008574        0xc c:/users/softegg/appdata/local/arduino15/packages/arduino/tools/arm-none-eabi-gcc/4.8.3-2014q1/bin/../lib/gcc/arm-none-eabi/4.8.3/../../../../arm-none-eabi/lib/armv7-m\libc.a(lib_a-atexit.o)
                0x08008574                atexit
 .text.__libc_fini_array
                0x08008580       0x30 c:/users/softegg/appdata/local/arduino15/packages/arduino/tools/arm-none-eabi-gcc/4.8.3-2014q1/bin/../lib/gcc/arm-none-eabi/4.8.3/../../../../arm-none-eabi/lib/armv7-m\libc.a(lib_a-fini.o)
                0x08008580                __libc_fini_array
 .text._malloc_trim_r
                0x080085b0       0x9c c:/users/softegg/appdata/local/arduino15/packages/arduino/tools/arm-none-eabi-gcc/4.8.3-2014q1/bin/../lib/gcc/arm-none-eabi/4.8.3/../../../../arm-none-eabi/lib/armv7-m\libc.a(lib_a-freer.o)
                0x080085b0                _malloc_trim_r
 .text._free_r  0x0800864c      0x198 c:/users/softegg/appdata/local/arduino15/packages/arduino/tools/arm-none-eabi-gcc/4.8.3-2014q1/bin/../lib/gcc/arm-none-eabi/4.8.3/../../../../arm-none-eabi/lib/armv7-m\libc.a(lib_a-freer.o)
                0x0800864c                _free_r
 *(.plt)
 *(.gnu.warning)
 *(.glue_7t)
 .glue_7t       0x00000000        0x0 linker stubs
 *(.glue_7)
 .glue_7        0x00000000        0x0 linker stubs
 *(.vfp11_veneer)
 .vfp11_veneer  0x00000000        0x0 linker stubs
 *(.ARM.extab* .gnu.linkonce.armextab.*)
 *(.gcc_except_table)
 *(.eh_frame_hdr)
 *(.eh_frame)
 .eh_frame      0x080087e4        0x0 c:/users/softegg/appdata/local/arduino15/packages/arduino/tools/arm-none-eabi-gcc/4.8.3-2014q1/bin/../lib/gcc/arm-none-eabi/4.8.3/armv7-m/crtbegin.o
                0x080087e4                . = ALIGN (0x4)
 *(.init)
 .init          0x080087e4        0x4 c:/users/softegg/appdata/local/arduino15/packages/arduino/tools/arm-none-eabi-gcc/4.8.3-2014q1/bin/../lib/gcc/arm-none-eabi/4.8.3/armv7-m/crti.o
                0x080087e4                _init
 .init          0x080087e8        0x8 c:/users/softegg/appdata/local/arduino15/packages/arduino/tools/arm-none-eabi-gcc/4.8.3-2014q1/bin/../lib/gcc/arm-none-eabi/4.8.3/armv7-m/crtn.o
                0x080087f0                . = ALIGN (0x4)
                0x080087f0                __preinit_array_start = .
 *(.preinit_array)
                0x080087f0                __preinit_array_end = .
                0x080087f0                . = ALIGN (0x4)
                0x080087f0                __init_array_start = .
 *(SORT(.init_array.*))
 .init_array.00000
                0x080087f0        0x4 c:/users/softegg/appdata/local/arduino15/packages/arduino/tools/arm-none-eabi-gcc/4.8.3-2014q1/bin/../lib/gcc/arm-none-eabi/4.8.3/../../../../arm-none-eabi/lib/armv7-m\libc.a(lib_a-__call_atexit.o)
 .init_array.00101
                0x080087f4        0x4 D:\projects\arduino\buildtemp\core\core.a(main.cpp.o)
 *(.init_array)
 .init_array    0x080087f8        0x4 c:/users/softegg/appdata/local/arduino15/packages/arduino/tools/arm-none-eabi-gcc/4.8.3-2014q1/bin/../lib/gcc/arm-none-eabi/4.8.3/armv7-m/crtbegin.o
 .init_array    0x080087fc        0x4 D:\projects\arduino\buildtemp\sketch\Stylish.pde.cpp.o
 .init_array    0x08008800        0x4 D:\projects\arduino\buildtemp\libraries\Mozzi-master\MozziGuts.cpp.o
 .init_array    0x08008804        0x4 D:\projects\arduino\buildtemp\libraries\Mozzi-master\mozzi_analog.cpp.o
 .init_array    0x08008808        0x4 D:\projects\arduino\buildtemp\libraries\SPI\SPI.cpp.o
 .init_array    0x0800880c        0x4 D:\projects\arduino\buildtemp\core\board.cpp.o
 .init_array    0x08008810        0x4 D:\projects\arduino\buildtemp\core\core.a(HardwareTimer.cpp.o)
 .init_array    0x08008814        0x4 D:\projects\arduino\buildtemp\core\core.a(usb_serial.cpp.o)
                0x08008818                __init_array_end = .
                0x08008818                . = ALIGN (0x4)
 *crtbegin.o(.ctors)
 *(EXCLUDE_FILE(*crtend.o) .ctors)
 *(SORT(.ctors.*))
 *crtend.o(.ctors)
                0x08008818                . = ALIGN (0x4)
 *(.fini)
 .fini          0x08008818        0x4 c:/users/softegg/appdata/local/arduino15/packages/arduino/tools/arm-none-eabi-gcc/4.8.3-2014q1/bin/../lib/gcc/arm-none-eabi/4.8.3/armv7-m/crti.o
                0x08008818                _fini
 .fini          0x0800881c        0x8 c:/users/softegg/appdata/local/arduino15/packages/arduino/tools/arm-none-eabi-gcc/4.8.3-2014q1/bin/../lib/gcc/arm-none-eabi/4.8.3/armv7-m/crtn.o
                0x08008824                . = ALIGN (0x4)
                0x08008824                __fini_array_start = .
 *(.fini_array)
 .fini_array    0x08008824        0x4 c:/users/softegg/appdata/local/arduino15/packages/arduino/tools/arm-none-eabi-gcc/4.8.3-2014q1/bin/../lib/gcc/arm-none-eabi/4.8.3/armv7-m/crtbegin.o
 *(SORT(.fini_array.*))
                0x08008828                __fini_array_end = .
 *crtbegin.o(.dtors)
 *(EXCLUDE_FILE(*crtend.o) .dtors)
 *(SORT(.dtors.*))
 *crtend.o(.dtors)

.v4_bx          0x08008828        0x0
 .v4_bx         0x00000000        0x0 linker stubs

.iplt           0x08008828        0x0
 .iplt          0x00000000        0x0 c:/users/softegg/appdata/local/arduino15/packages/arduino/tools/arm-none-eabi-gcc/4.8.3-2014q1/bin/../lib/gcc/arm-none-eabi/4.8.3/armv7-m/crtbegin.o

.text.align     0x08008828        0x0
                0x08008828                . = ALIGN (0x8)
                0x08008828                __text_end__ = .
                0x08008828                __exidx_start = .

.ARM.exidx      0x08008828        0x8
 *(.ARM.exidx* .gnu.linkonce.armexidx.*)
 .ARM.exidx     0x08008828        0x8 D:\projects\arduino\buildtemp\core\wirish\start.S.o
 .ARM.exidx.text.__aeabi_atexit
                0x08008830        0x0 c:/users/softegg/appdata/local/arduino15/packages/arduino/tools/arm-none-eabi-gcc/4.8.3-2014q1/bin/../lib/gcc/arm-none-eabi/4.8.3/../../../../arm-none-eabi/lib/armv7-m\libstdc++.a(atexit_arm.o)
                                  0x8 (size before relaxing)
 .ARM.exidx     0x08008830        0x0 c:/users/softegg/appdata/local/arduino15/packages/arduino/tools/arm-none-eabi-gcc/4.8.3-2014q1/bin/../lib/gcc/arm-none-eabi/4.8.3/armv7-m\libgcc.a(_divdi3.o)
                                  0x8 (size before relaxing)
 .ARM.exidx     0x08008830        0x0 c:/users/softegg/appdata/local/arduino15/packages/arduino/tools/arm-none-eabi-gcc/4.8.3-2014q1/bin/../lib/gcc/arm-none-eabi/4.8.3/armv7-m\libgcc.a(_udivdi3.o)
                                  0x8 (size before relaxing)
                0x08008830                __exidx_end = .

.data           0x20000000     0x11c0 load address 0x08008830
                0x20000000                __data_start__ = .
                0x20000000        0x4 LONG 0x0
                0x20000008                . = ALIGN (0x8)
 *fill*         0x20000004        0x4 
 *(.got.plt)
 *(.got)
 *(.data .data.* .gnu.linkonce.d.*)
 .data          0x20000008        0x4 c:/users/softegg/appdata/local/arduino15/packages/arduino/tools/arm-none-eabi-gcc/4.8.3-2014q1/bin/../lib/gcc/arm-none-eabi/4.8.3/armv7-m/crtbegin.o
                0x20000008                __dso_handle
 .data.raw_key_down
                0x2000000c        0x1 D:\projects\arduino\buildtemp\sketch\Stylish.pde.cpp.o
                0x2000000c                raw_key_down
 .data.keyboard_pins
                0x2000000d       0x1c D:\projects\arduino\buildtemp\sketch\Stylish.pde.cpp.o
                0x2000000d                keyboard_pins
 *fill*         0x20000029        0x3 
 .data.fine_freq2
                0x2000002c        0x4 D:\projects\arduino\buildtemp\sketch\Stylish.pde.cpp.o
                0x2000002c                fine_freq2
 .data.MAGIC    0x20000030        0x9 D:\projects\arduino\buildtemp\sketch\Stylish.pde.cpp.o
                0x20000030                MAGIC
 *fill*         0x20000039        0x3 
 .data.UI_State_Strings
                0x2000003c       0x20 D:\projects\arduino\buildtemp\sketch\Stylish.pde.cpp.o
                0x2000003c                UI_State_Strings
 .data.UI_SubState_Strings
                0x2000005c       0x20 D:\projects\arduino\buildtemp\sketch\Stylish.pde.cpp.o
                0x2000005c                UI_SubState_Strings
 .data.note1_ofs
                0x2000007c        0x1 D:\projects\arduino\buildtemp\sketch\Stylish.pde.cpp.o
                0x2000007c                note1_ofs
 *fill*         0x2000007d        0x3 
 .data.Patch    0x20000080        0x4 D:\projects\arduino\buildtemp\sketch\Stylish.pde.cpp.o
                0x20000080                Patch
 .data.key_down
                0x20000084        0x1 D:\projects\arduino\buildtemp\sketch\Stylish.pde.cpp.o
                0x20000084                key_down
 *fill*         0x20000085        0x3 
 .data.fine_freq1
                0x20000088        0x4 D:\projects\arduino\buildtemp\sketch\Stylish.pde.cpp.o
                0x20000088                fine_freq1
 .data.noise_gain
                0x2000008c        0x1 D:\projects\arduino\buildtemp\sketch\Stylish.pde.cpp.o
                0x2000008c                noise_gain
 .data.note2_ofs
                0x2000008d        0x1 D:\projects\arduino\buildtemp\sketch\Stylish.pde.cpp.o
                0x2000008d                note2_ofs
 *fill*         0x2000008e        0x2 
 .data.internal_patch_data
                0x20000090      0x190 D:\projects\arduino\buildtemp\sketch\Stylish.pde.cpp.o
                0x20000090                internal_patch_data
 .data.last_key_played
                0x20000220        0x1 D:\projects\arduino\buildtemp\sketch\Stylish.pde.cpp.o
                0x20000220                last_key_played
 .data.last_key_down
                0x20000221        0x1 D:\projects\arduino\buildtemp\sketch\Stylish.pde.cpp.o
                0x20000221                last_key_down
 .data._ZL13encoderLookup
                0x20000222      0x300 D:\projects\arduino\buildtemp\libraries\WS2812B\WS2812B.cpp.o
 .data._ZL5first
                0x20000522        0x1 D:\projects\arduino\buildtemp\libraries\Mozzi-master\mozzi_analog.cpp.o
 .data._ZL15current_channel
                0x20000523        0x1 D:\projects\arduino\buildtemp\libraries\Mozzi-master\mozzi_analog.cpp.o
 .data._ZL1x    0x20000524        0x4 D:\projects\arduino\buildtemp\libraries\Mozzi-master\mozzi_rand.cpp.o
 .data._ZL1y    0x20000528        0x4 D:\projects\arduino\buildtemp\libraries\Mozzi-master\mozzi_rand.cpp.o
 .data._ZL1z    0x2000052c        0x4 D:\projects\arduino\buildtemp\libraries\Mozzi-master\mozzi_rand.cpp.o
 .data._ZN6wirish4privL8pll_dataE
                0x20000530        0x4 D:\projects\arduino\buildtemp\core\wirish\boards_setup.cpp.o
 .data._ZN6wirish4priv9w_adc_smpE
                0x20000534        0x1 D:\projects\arduino\buildtemp\core\wirish\boards_setup.cpp.o
                0x20000534                wirish::priv::w_adc_smp
 *fill*         0x20000535        0x1 
 .data._ZN6wirish4priv9w_adc_preE
                0x20000536        0x2 D:\projects\arduino\buildtemp\core\wirish\boards_setup.cpp.o
                0x20000536                wirish::priv::w_adc_pre
 .data._ZN6wirish4priv15w_board_pll_cfgE
                0x20000538        0x8 D:\projects\arduino\buildtemp\core\wirish\boards_setup.cpp.o
                0x20000538                wirish::priv::w_board_pll_cfg
 .data.adc2     0x20000540        0x8 D:\projects\arduino\buildtemp\core\core.a(adc_f1.c.o)
                0x20000540                adc2
 .data.adc1     0x20000548       0x18 D:\projects\arduino\buildtemp\core\core.a(adc_f1.c.o)
                0x20000548                adc1
 .data.ADC2     0x20000560        0x4 D:\projects\arduino\buildtemp\core\core.a(adc_f1.c.o)
                0x20000560                ADC2
 .data.ADC1     0x20000564        0x4 D:\projects\arduino\buildtemp\core\core.a(adc_f1.c.o)
                0x20000564                ADC1
 .data.dma1     0x20000568       0x40 D:\projects\arduino\buildtemp\core\core.a(dma_f1.c.o)
 .data.DMA1     0x200005a8        0x4 D:\projects\arduino\buildtemp\core\core.a(dma_f1.c.o)
                0x200005a8                DMA1
 .data.gpioa    0x200005ac        0x8 D:\projects\arduino\buildtemp\core\core.a(gpio_f1.c.o)
                0x200005ac                gpioa
 .data.gpiob    0x200005b4        0x8 D:\projects\arduino\buildtemp\core\core.a(gpio_f1.c.o)
                0x200005b4                gpiob
 .data.gpioc    0x200005bc        0x8 D:\projects\arduino\buildtemp\core\core.a(gpio_f1.c.o)
                0x200005bc                gpioc
 .data.gpiod    0x200005c4        0x8 D:\projects\arduino\buildtemp\core\core.a(gpio_f1.c.o)
                0x200005c4                gpiod
 .data.i2c1     0x200005cc       0x24 D:\projects\arduino\buildtemp\core\core.a(i2c_f1.c.o)
 .data.i2c2     0x200005f0       0x24 D:\projects\arduino\buildtemp\core\core.a(i2c_f1.c.o)
 .data.enable_regs.4411
                0x20000614        0xc D:\projects\arduino\buildtemp\core\core.a(rcc_f1.c.o)
 .data.reset_regs.4415
                0x20000620        0x8 D:\projects\arduino\buildtemp\core\core.a(rcc_f1.c.o)
 .data.enable_regs.4424
                0x20000628        0xc D:\projects\arduino\buildtemp\core\core.a(rcc_f1.c.o)
 .data.spi1     0x20000634        0x8 D:\projects\arduino\buildtemp\core\core.a(spi_f1.c.o)
 .data.spi2     0x2000063c        0x8 D:\projects\arduino\buildtemp\core\core.a(spi_f1.c.o)
 .data.SPI1     0x20000644        0x4 D:\projects\arduino\buildtemp\core\core.a(spi_f1.c.o)
                0x20000644                SPI1
 .data.SPI2     0x20000648        0x4 D:\projects\arduino\buildtemp\core\core.a(spi_f1.c.o)
                0x20000648                SPI2
 .data.timer3   0x2000064c       0x24 D:\projects\arduino\buildtemp\core\core.a(timer.c.o)
                0x2000064c                timer3
 .data.timer4   0x20000670       0x24 D:\projects\arduino\buildtemp\core\core.a(timer.c.o)
                0x20000670                timer4
 .data.timer1   0x20000694       0x28 D:\projects\arduino\buildtemp\core\core.a(timer.c.o)
                0x20000694                timer1
 .data.timer2   0x200006bc       0x24 D:\projects\arduino\buildtemp\core\core.a(timer.c.o)
                0x200006bc                timer2
 .data.USART1   0x200006e0        0x4 D:\projects\arduino\buildtemp\core\core.a(usart_f1.c.o)
                0x200006e0                USART1
 .data.USART2   0x200006e4        0x4 D:\projects\arduino\buildtemp\core\core.a(usart_f1.c.o)
                0x200006e4                USART2
 .data.USART3   0x200006e8        0x4 D:\projects\arduino\buildtemp\core\core.a(usart_f1.c.o)
                0x200006e8                USART3
 .data.usart1   0x200006ec       0x94 D:\projects\arduino\buildtemp\core\core.a(usart_f1.c.o)
 .data.usart2   0x20000780       0x94 D:\projects\arduino\buildtemp\core\core.a(usart_f1.c.o)
 .data.usart3   0x20000814       0x94 D:\projects\arduino\buildtemp\core\core.a(usart_f1.c.o)
 .data.USBLIB   0x200008a8        0x4 D:\projects\arduino\buildtemp\core\core.a(usb.c.o)
                0x200008a8                USBLIB
 .data.usblib   0x200008ac       0x10 D:\projects\arduino\buildtemp\core\core.a(usb.c.o)
 .data.Config_Descriptor
                0x200008bc        0x8 D:\projects\arduino\buildtemp\core\core.a(usb_cdcacm.c.o)
 .data.Device_Property
                0x200008c4       0x30 D:\projects\arduino\buildtemp\core\core.a(usb_cdcacm.c.o)
                0x200008c4                Device_Property
 .data.ep_int_in
                0x200008f4       0x1c D:\projects\arduino\buildtemp\core\core.a(usb_cdcacm.c.o)
 .data.String_Descriptor
                0x20000910       0x18 D:\projects\arduino\buildtemp\core\core.a(usb_cdcacm.c.o)
 .data.ep_int_out
                0x20000928       0x1c D:\projects\arduino\buildtemp\core\core.a(usb_cdcacm.c.o)
 .data.line_coding
                0x20000944        0x7 D:\projects\arduino\buildtemp\core\core.a(usb_cdcacm.c.o)
 *fill*         0x2000094b        0x1 
 .data.User_Standard_Requests
                0x2000094c       0x24 D:\projects\arduino\buildtemp\core\core.a(usb_cdcacm.c.o)
                0x2000094c                User_Standard_Requests
 .data.Device_Descriptor
                0x20000970        0x8 D:\projects\arduino\buildtemp\core\core.a(usb_cdcacm.c.o)
 .data.Device_Table